
============================================================
沪深300成分股数据收集 - 5年历史数据
启动时间: 2026-04-02 11:16:57
============================================================

数据库初始化完成: /Users/foleydang/github/stock-quant/stock-quant/python/strategy/../data/stock_data.db
获取沪深300成分股列表...
获取到 300 只沪深300成分股

============================================================
开始收集沪深300数据 - 5年历史
数据库: /Users/foleydang/github/stock-quant/stock-quant/python/strategy/../data/stock_data.db
总数: 300 只股票
批次大小: 10
============================================================


[批次 1/30]
  [获取] 平安银行(000001.SZ)... ✓ 新增4条, 总计1974条
  [获取] 万科A(000002.SZ)... ✓ 新增4条, 总计1974条
  [获取] 中兴通讯(000063.SZ)... ✓ 新增1970条, 总计1970条
  [获取] TCL科技(000100.SZ)... ✓ 新增1970条, 总计1970条
  [获取] 中联重科(000157.SZ)... ✓ 新增1970条, 总计1970条
  [获取] 申万宏源(000166.SZ)... ✓ 新增1970条, 总计1970条
  [获取] 东方盛虹(000301.SZ)... ✓ 新增1970条, 总计1970条
  [获取] 美的集团(000333.SZ)... ✓ 新增4条, 总计1974条
  [获取] 潍柴动力(000338.SZ)... ✓ 新增1970条, 总计1970条
  [获取] 藏格矿业(000408.SZ)... ✓ 新增1970条, 总计1970条

批次完成 | 成功:0 更新:10 跳过:0 失败:0
休息 30.0 秒...


[批次 2/30]
  [获取] 徐工机械(000425.SZ)... ✓ 新增1970条, 总计1970条
  [获取] 云南白药(000538.SZ)... ✓ 新增1970条, 总计1970条
  [获取] 泸州老窖(000568.SZ)... ✓ 新增1970条, 总计1970条
  [获取] 古井贡酒(000596.SZ)... ✓ 新增1970条, 总计1970条
  [获取] 中油资本(000617.SZ)... ✓ 新增1970条, 总计1970条
  [获取] 长安汽车(000625.SZ)... ✓ 新增1970条, 总计1970条
  [获取] 铜陵有色(000630.SZ)... ✓ 新增1970条, 总计1970条
  [获取] 格力电器(000651.SZ)... ✓ 新增4条, 总计1974条
  [获取] 长春高新(000661.SZ)... ✓ 新增1970条, 总计1970条
  [获取] 中信特钢(000708.SZ)... ✓ 新增1970条, 总计1970条

批次完成 | 成功:0 更新:20 跳过:0 失败:0
休息 30.0 秒...


[批次 3/30]
  [获取] 京东方A(000725.SZ)... ✓ 新增1970条, 总计1970条
  [获取] 中航西飞(000768.SZ)... ✓ 新增1970条, 总计1970条
  [获取] 广发证券(000776.SZ)... ✓ 新增1970条, 总计1970条
  [获取] 北新建材(000786.SZ)... ✓ 新增1970条, 总计1970条
  [获取] 盐湖股份(000792.SZ)... ✓ 新增1970条, 总计1970条
  [获取] 云铝股份(000807.SZ)... ✓ 新增1970条, 总计1970条
  [获取] 五 粮 液(000858.SZ)... ✓ 新增4条, 总计1974条
  [获取] 新 希 望(000876.SZ)... ✓ 新增1970条, 总计1970条
  [获取] 双汇发展(000895.SZ)... ✓ 新增1970条, 总计1970条
  [获取] 紫光股份(000938.SZ)... ✓ 新增1970条, 总计1970条

批次完成 | 成功:0 更新:30 跳过:0 失败:0
休息 30.0 秒...


[批次 4/30]
  [获取] 华东医药(000963.SZ)... ✓ 新增1970条, 总计1970条
  [获取] 山金国际(000975.SZ)... ✓ 新增1970条, 总计1970条
  [获取] 浪潮信息(000977.SZ)... ✓ 新增1970条, 总计1970条
  [获取] 山西焦煤(000983.SZ)... ✓ 新增1970条, 总计1970条
  [获取] 华润三九(000999.SZ)... ✓ 新增1970条, 总计1970条
  [获取] 国货航(001391.SZ)... ✓ 新增1970条, 总计1970条
  [获取] 招商公路(001965.SZ)... ✓ 新增1970条, 总计1970条
  [获取] 招商蛇口(001979.SZ)... ✓ 新增1970条, 总计1970条
  [获取] 新和成(002001.SZ)... ✓ 新增1970条, 总计1970条
  [获取] 分众传媒(002027.SZ)... ✓ 新增1970条, 总计1970条

批次完成 | 成功:0 更新:40 跳过:0 失败:0
休息 30.0 秒...


[批次 5/30]
  [获取] 思源电气(002028.SZ)... ✓ 新增1970条, 总计1970条
  [获取] 紫光国微(002049.SZ)... ✓ 新增1970条, 总计1970条
  [获取] 三花智控(002050.SZ)... ✓ 新增1970条, 总计1970条
  [获取] 国轩高科(002074.SZ)... ✓ 新增1970条, 总计1970条
  [获取] 宁波银行(002142.SZ)... ✓ 新增1970条, 总计1970条
  [获取] 中航光电(002179.SZ)... ✓ 新增1970条, 总计1970条
  [获取] 科大讯飞(002230.SZ)... ✓ 新增1970条, 总计1970条
  [获取] 大华股份(002236.SZ)... ✓ 新增1970条, 总计1970条
  [获取] 歌尔股份(002241.SZ)... ✓ 新增1970条, 总计1970条
  [获取] 上海莱士(002252.SZ)... ✓ 新增1970条, 总计1970条

批次完成 | 成功:0 更新:50 跳过:0 失败:0
休息 30.0 秒...


[批次 6/30]
  [获取] 洋河股份(002304.SZ)... ✓ 新增1970条, 总计1970条
  [获取] 海大集团(002311.SZ)... ✓ 新增1970条, 总计1970条
  [获取] 顺丰控股(002352.SZ)... ✓ 新增1970条, 总计1970条
  [获取] 北方华创(002371.SZ)... ✓ 新增1970条, 总计1970条
  [获取] 东山精密(002384.SZ)... ✓ 新增1970条, 总计1970条
  [获取] 海康威视(002415.SZ)... ✓ 新增1970条, 总计1970条
  [获取] 科伦药业(002422.SZ)... ✓ 新增1970条, 总计1970条
  [获取] 晶澳科技(002459.SZ)... ✓ 新增1970条, 总计1970条
  [获取] 赣锋锂业(002460.SZ)... ✓ 新增1970条, 总计1970条
  [获取] 沪电股份(002463.SZ)... ✓ 新增1970条, 总计1970条

批次完成 | 成功:0 更新:60 跳过:0 失败:0
休息 30.0 秒...


[批次 7/30]
  [获取] 天齐锂业(002466.SZ)... ✓ 新增1970条, 总计1970条
  [获取] 立讯精密(002475.SZ)... ✓ 新增1970条, 总计1970条
  [获取] 荣盛石化(002493.SZ)... ✓ 新增1970条, 总计1970条
  [获取] 比亚迪(002594.SZ)... ✓ 新增12条, 总计1982条
  [获取] 领益智造(002600.SZ)... ✓ 新增1970条, 总计1970条
  [获取] 龙佰集团(002601.SZ)... ✓ 新增1970条, 总计1970条
  [获取] 光启技术(002625.SZ)... ✓ 新增1970条, 总计1970条
  [获取] 卫星化学(002648.SZ)... ✓ 新增1970条, 总计1970条
  [获取] 天赐材料(002709.SZ)... ✓ 新增1970条, 总计1970条
  [获取] 牧原股份(002714.SZ)... ✓ 新增1970条, 总计1970条

批次完成 | 成功:0 更新:70 跳过:0 失败:0
休息 30.0 秒...


[批次 8/30]
  [获取] 国信证券(002736.SZ)... ✓ 新增1970条, 总计1970条
  [获取] 深南电路(002916.SZ)... ✓ 新增1970条, 总计1970条
  [获取] 德赛西威(002920.SZ)... ✓ 新增1970条, 总计1970条
  [获取] 鹏鼎控股(002938.SZ)... ✓ 新增1970条, 总计1970条
  [获取] 中国广核(003816.SZ)... ✓ 新增1970条, 总计1970条
  [获取] 亿纬锂能(300014.SZ)... ✓ 新增1970条, 总计1970条
  [获取] 爱尔眼科(300015.SZ)... ✓ 新增4条, 总计1974条
  [获取] 同花顺(300033.SZ)... ✓ 新增1970条, 总计1970条
  [获取] 东方财富(300059.SZ)... ✓ 新增1970条, 总计1970条
  [获取] 智飞生物(300122.SZ)... ✓ 新增1970条, 总计1970条

批次完成 | 成功:0 更新:80 跳过:0 失败:0
休息 30.0 秒...


[批次 9/30]
  [获取] 汇川技术(300124.SZ)... ✓ 新增1714条, 总计1970条
  [获取] 光线传媒(300251.SZ)... ✓ 新增1970条, 总计1970条
  [获取] 阳光电源(300274.SZ)... ✓ 新增1970条, 总计1970条
  [获取] 中际旭创(300308.SZ)... ✓ 新增1970条, 总计1970条
  [获取] 晶盛机电(300316.SZ)... ✓ 新增1970条, 总计1970条
  [获取] 泰格医药(300347.SZ)... ✓ 新增1970条, 总计1970条
  [获取] 天孚通信(300394.SZ)... ✓ 新增1970条, 总计1970条
  [获取] 三环集团(300408.SZ)... ✓ 新增1970条, 总计1970条
  [获取] 芒果超媒(300413.SZ)... ✓ 新增1970条, 总计1970条
  [获取] 昆仑万维(300418.SZ)... ✓ 新增1970条, 总计1970条

批次完成 | 成功:0 更新:90 跳过:0 失败:0
休息 30.0 秒...


[批次 10/30]
  [获取] 蓝思科技(300433.SZ)... ✓ 新增1970条, 总计1970条
  [获取] 润泽科技(300442.SZ)... ✓ 新增1970条, 总计1970条
  [获取] 胜宏科技(300476.SZ)... ✓ 新增1970条, 总计1970条
  [获取] 温氏股份(300498.SZ)... ✓ 新增1970条, 总计1970条
  [获取] 新易盛(300502.SZ)... ✓ 新增1970条, 总计1970条
  [获取] 亿联网络(300628.SZ)... ✓ 新增1970条, 总计1970条
  [获取] 圣邦股份(300661.SZ)... ✓ 新增1970条, 总计1970条
  [获取] 宁德时代(300750.SZ)... ✓ 新增1970条, 总计1970条
  [获取] 康龙化成(300759.SZ)... ✓ 新增1970条, 总计1970条
  [获取] 迈瑞医疗(300760.SZ)... ✓ 新增1970条, 总计1970条

批次完成 | 成功:0 更新:100 跳过:0 失败:0
休息 30.0 秒...


[批次 11/30]
  [获取] 卓胜微(300782.SZ)... ✓ 新增1970条, 总计1970条
  [获取] 指南针(300803.SZ)... ✓ 新增1970条, 总计1970条
  [获取] 新产业(300832.SZ)... ✓ 新增1970条, 总计1970条
  [获取] 安克创新(300866.SZ)... ✓ 新增1970条, 总计1970条
  [获取] 爱美客(300896.SZ)... ✓ 新增1970条, 总计1970条
  [获取] 华利集团(300979.SZ)... ✓ 新增1970条, 总计1970条
  [获取] 金龙鱼(300999.SZ)... ✓ 新增1970条, 总计1970条
  [获取] 软通动力(301236.SZ)... ✓ 新增1970条, 总计1970条
  [获取] 华大九天(301269.SZ)... ✓ 新增1970条, 总计1970条
  [获取] 中航成飞(302132.SZ)... ✓ 新增1970条, 总计1970条

批次完成 | 成功:0 更新:110 跳过:0 失败:0
休息 30.0 秒...


[批次 12/30]
  [获取] 浦发银行(600000.SH)... ✓ 新增4条, 总计1974条
  [获取] 上海机场(600009.SH)... ✓ 新增4条, 总计1974条
  [获取] 包钢股份(600010.SH)... ✓ 新增1970条, 总计1970条
  [获取] 华能国际(600011.SH)... ✓ 新增1970条, 总计1970条
  [获取] 华夏银行(600015.SH)... ✓ 新增4条, 总计1974条
  [获取] 民生银行(600016.SH)... ✓ 新增1970条, 总计1970条
  [获取] 上港集团(600018.SH)... ✓ 新增1970条, 总计1970条
  [获取] 宝钢股份(600019.SH)... ✓ 新增1970条, 总计1970条
  [获取] 浙能电力(600023.SH)... ✓ 新增1970条, 总计1970条
  [获取] 华能水电(600025.SH)... ✓ 新增1970条, 总计1970条

批次完成 | 成功:0 更新:120 跳过:0 失败:0
休息 30.0 秒...


[批次 13/30]
  [获取] 中远海能(600026.SH)... ✓ 新增1970条, 总计1970条
  [获取] 华电国际(600027.SH)... ✓ 新增1970条, 总计1970条
  [获取] 中国石化(600028.SH)... ✓ 新增1970条, 总计1970条
  [获取] 南方航空(600029.SH)... ✓ 新增1970条, 总计1970条
  [获取] 中信证券(600030.SH)... ✓ 新增4条, 总计1974条
  [获取] 三一重工(600031.SH)... ✓ 新增1970条, 总计1970条
  [获取] 招商银行(600036.SH)... ✓ 新增4条, 总计1974条
  [获取] 四川路桥(600039.SH)... ✓ 新增1970条, 总计1970条
  [获取] 保利发展(600048.SH)... ✓ 新增1714条, 总计1970条
  [获取] 中国联通(600050.SH)... ✓ 新增1970条, 总计1970条

批次完成 | 成功:0 更新:130 跳过:0 失败:0
休息 30.0 秒...


[批次 14/30]
  [获取] 国投资本(600061.SH)... ✓ 新增1970条, 总计1970条
  [获取] 宇通客车(600066.SH)... ✓ 新增1970条, 总计1970条
  [获取] 同仁堂(600085.SH)... ✓ 新增1970条, 总计1970条
  [获取] 特变电工(600089.SH)... ✓ 新增1970条, 总计1970条
  [获取] 上汽集团(600104.SH)... ✓ 新增1970条, 总计1970条
  [获取] 北方稀土(600111.SH)... ✓ 新增1970条, 总计1970条
  [获取] 中国东航(600115.SH)... ✓ 新增1970条, 总计1970条
  [获取] 中国船舶(600150.SH)... ✓ 新增1970条, 总计1970条
  [获取] 巨化股份(600160.SH)... ✓ 新增1970条, 总计1970条
  [获取] 天坛生物(600161.SH)... ✓ 新增1970条, 总计1970条

批次完成 | 成功:0 更新:140 跳过:0 失败:0
休息 30.0 秒...


[批次 15/30]
  [获取] 中国巨石(600176.SH)...     获取失败 600176.SH: list index out of range
✗ 获取失败
  [获取] 生益科技(600183.SH)...     获取失败 600183.SH: list index out of range
✗ 获取失败
  [获取] 兖矿能源(600188.SH)...     获取失败 600188.SH: list index out of range
✗ 获取失败
  [获取] 复星医药(600196.SH)...     获取失败 600196.SH: list index out of range
✗ 获取失败
  [获取] 南山铝业(600219.SH)...     获取失败 600219.SH: list index out of range
✗ 获取失败
  [获取] 圆通速递(600233.SH)...     获取失败 600233.SH: list index out of range
✗ 获取失败
  [获取] 恒瑞医药(600276.SH)...     获取失败 600276.SH: list index out of range
✗ 获取失败
  [获取] 万华化学(600309.SH)...     获取失败 600309.SH: list index out of range
✗ 获取失败
  [获取] 恒力石化(600346.SH)...     获取失败 600346.SH: list index out of range
✗ 获取失败
  [获取] 江西铜业(600362.SH)...     获取失败 600362.SH: list index out of range
✗ 获取失败

批次完成 | 成功:0 更新:140 跳过:0 失败:10
休息 30.0 秒...


[批次 16/30]
  [获取] 中航机载(600372.SH)...     获取失败 600372.SH: list index out of range
✗ 获取失败
  [获取] 宁沪高速(600377.SH)...     获取失败 600377.SH: list index out of range
✗ 获取失败
  [获取] 国电南瑞(600406.SH)...     获取失败 600406.SH: list index out of range
✗ 获取失败
  [获取] 小商品城(600415.SH)...     获取失败 600415.SH: list index out of range
✗ 获取失败
  [获取] 华鲁恒升(600426.SH)...     获取失败 600426.SH: list index out of range
✗ 获取失败
  [获取] 片仔癀(600436.SH)...     获取失败 600436.SH: list index out of range
✗ 获取失败
  [获取] 通威股份(600438.SH)...     获取失败 600438.SH: list index out of range
✗ 获取失败
  [获取] 士兰微(600460.SH)...     获取失败 600460.SH: list index out of range
✗ 获取失败
  [获取] 中国动力(600482.SH)...     获取失败 600482.SH: list index out of range
✗ 获取失败
  [获取] 中金黄金(600489.SH)...     获取失败 600489.SH: list index out of range
✗ 获取失败

批次完成 | 成功:0 更新:140 跳过:0 失败:20
休息 30.0 秒...


[批次 17/30]
  [获取] 海南机场(600515.SH)...     获取失败 600515.SH: list index out of range
✗ 获取失败
  [获取] 贵州茅台(600519.SH)...     获取失败 600519.SH: list index out of range
✗ 获取失败
  [获取] 中天科技(600522.SH)...     获取失败 600522.SH: list index out of range
✗ 获取失败
  [获取] 山东黄金(600547.SH)...     获取失败 600547.SH: list index out of range
✗ 获取失败
  [获取] 恒生电子(600570.SH)...     获取失败 600570.SH: list index out of range
✗ 获取失败
  [获取] 长电科技(600584.SH)...     获取失败 600584.SH: list index out of range
✗ 获取失败
  [获取] 海螺水泥(600585.SH)...     获取失败 600585.SH: list index out of range
✗ 获取失败
  [获取] 用友网络(600588.SH)...     获取失败 600588.SH: list index out of range
✗ 获取失败
  [获取] 青岛啤酒(600600.SH)...     获取失败 600600.SH: list index out of range
✗ 获取失败
  [获取] 福耀玻璃(600660.SH)...     获取失败 600660.SH: list index out of range
✗ 获取失败

批次完成 | 成功:0 更新:140 跳过:0 失败:30
休息 30.0 秒...


[批次 18/30]
  [获取] 川投能源(600674.SH)...     获取失败 600674.SH: list index out of range
✗ 获取失败
  [获取] 海尔智家(600690.SH)...     获取失败 600690.SH: list index out of range
✗ 获取失败
  [获取] 华域汽车(600741.SH)...     获取失败 600741.SH: list index out of range
✗ 获取失败
  [获取] 中航沈飞(600760.SH)...     获取失败 600760.SH: list index out of range
✗ 获取失败
  [获取] 国电电力(600795.SH)...     获取失败 600795.SH: list index out of range
✗ 获取失败
  [获取] 新奥股份(600803.SH)...     获取失败 600803.SH: list index out of range
✗ 获取失败
  [获取] 山西汾酒(600809.SH)...     获取失败 600809.SH: list index out of range
✗ 获取失败
  [获取] 宝信软件(600845.SH)...     获取失败 600845.SH: list index out of range
✗ 获取失败
  [获取] 东方电气(600875.SH)...     获取失败 600875.SH: list index out of range
✗ 获取失败
  [获取] 国投电力(600886.SH)...     获取失败 600886.SH: list index out of range
✗ 获取失败

批次完成 | 成功:0 更新:140 跳过:0 失败:40
休息 30.0 秒...


[批次 19/30]
  [获取] 伊利股份(600887.SH)...     获取失败 600887.SH: list index out of range
✗ 获取失败
  [获取] 航发动力(600893.SH)...     获取失败 600893.SH: list index out of range
✗ 获取失败
  [获取] 长江电力(600900.SH)...     获取失败 600900.SH: list index out of range
✗ 获取失败
  [获取] 三峡能源(600905.SH)...     获取失败 600905.SH: list index out of range
✗ 获取失败
  [获取] 中泰证券(600918.SH)...     获取失败 600918.SH: list index out of range
✗ 获取失败
  [获取] 江苏银行(600919.SH)...     获取失败 600919.SH: list index out of range
✗ 获取失败
  [获取] 杭州银行(600926.SH)...     获取失败 600926.SH: list index out of range
✗ 获取失败
  [获取] 华电新能(600930.SH)...     获取失败 600930.SH: list index out of range
✗ 获取失败
  [获取] 中国海油(600938.SH)...     获取失败 600938.SH: list index out of range
✗ 获取失败
  [获取] 中国移动(600941.SH)...     获取失败 600941.SH: list index out of range
✗ 获取失败

批次完成 | 成功:0 更新:140 跳过:0 失败:50
休息 30.0 秒...


[批次 20/30]
  [获取] 东方证券(600958.SH)...     获取失败 600958.SH: list index out of range
✗ 获取失败
  [获取] 宝丰能源(600989.SH)...     获取失败 600989.SH: list index out of range
✗ 获取失败
  [获取] 招商证券(600999.SH)...     获取失败 600999.SH: list index out of range
✗ 获取失败
  [获取] 大秦铁路(601006.SH)...     获取失败 601006.SH: list index out of range
✗ 获取失败
  [获取] 南京银行(601009.SH)...     获取失败 601009.SH: list index out of range
✗ 获取失败
  [获取] 隆基绿能(601012.SH)...     获取失败 601012.SH: list index out of range
✗ 获取失败
  [获取] 宁波港(601018.SH)...     获取失败 601018.SH: list index out of range
✗ 获取失败
  [获取] 春秋航空(601021.SH)...     获取失败 601021.SH: list index out of range
✗ 获取失败
  [获取] 赛轮轮胎(601058.SH)...     获取失败 601058.SH: list index out of range
✗ 获取失败
  [获取] 信达证券(601059.SH)...     获取失败 601059.SH: list index out of range
✗ 获取失败

批次完成 | 成功:0 更新:140 跳过:0 失败:60
休息 30.0 秒...


[批次 21/30]
  [获取] 中信建投(601066.SH)...     获取失败 601066.SH: list index out of range
✗ 获取失败
  [获取] 渝农商行(601077.SH)...     获取失败 601077.SH: list index out of range
✗ 获取失败
  [获取] 中国神华(601088.SH)...     获取失败 601088.SH: list index out of range
✗ 获取失败
  [获取] 恒立液压(601100.SH)...     获取失败 601100.SH: list index out of range
✗ 获取失败
  [获取] 中国国航(601111.SH)...     获取失败 601111.SH: list index out of range
✗ 获取失败
  [获取] 中国化学(601117.SH)...     获取失败 601117.SH: list index out of range
✗ 获取失败
  [获取] 赛力斯(601127.SH)...     获取失败 601127.SH: list index out of range
✗ 获取失败
  [获取] 首创证券(601136.SH)...     获取失败 601136.SH: list index out of range
✗ 获取失败
  [获取] 工业富联(601138.SH)...     获取失败 601138.SH: list index out of range
✗ 获取失败
  [获取] 兴业银行(601166.SH)...     获取失败 601166.SH: list index out of range
✗ 获取失败

批次完成 | 成功:0 更新:140 跳过:0 失败:70
休息 30.0 秒...


[批次 22/30]
  [获取] 北京银行(601169.SH)...     获取失败 601169.SH: list index out of range
✗ 获取失败
  [获取] 中国铁建(601186.SH)... ✓ 新增1970条, 总计1970条
  [获取] 国泰海通(601211.SH)...     获取失败 601211.SH: list index out of range
✗ 获取失败
  [获取] 陕西煤业(601225.SH)...     获取失败 601225.SH: list index out of range
✗ 获取失败
  [获取] 上海银行(601229.SH)...     获取失败 601229.SH: list index out of range
✗ 获取失败
  [获取] 红塔证券(601236.SH)...     获取失败 601236.SH: list index out of range
✗ 获取失败
  [获取] 广汽集团(601238.SH)...     获取失败 601238.SH: list index out of range
✗ 获取失败
  [获取] 农业银行(601288.SH)...     获取失败 601288.SH: list index out of range
✗ 获取失败
  [获取] 青岛港(601298.SH)...     获取失败 601298.SH: list index out of range
✗ 获取失败
  [获取] 中国平安(601318.SH)...     获取失败 601318.SH: list index out of range
✗ 获取失败

批次完成 | 成功:0 更新:141 跳过:0 失败:79
休息 30.0 秒...


[批次 23/30]
  [获取] 中国人保(601319.SH)...     获取失败 601319.SH: list index out of range
✗ 获取失败
  [获取] 交通银行(601328.SH)...     获取失败 601328.SH: list index out of range
✗ 获取失败
  [获取] 新华保险(601336.SH)... ✓ 新增1970条, 总计1970条
  [获取] 三六零(601360.SH)...     获取失败 601360.SH: list index out of range
✗ 获取失败
  [获取] 兴业证券(601377.SH)...     获取失败 601377.SH: list index out of range
✗ 获取失败
  [获取] 中国中铁(601390.SH)...     获取失败 601390.SH: list index out of range
✗ 获取失败
  [获取] 工商银行(601398.SH)...     获取失败 601398.SH: list index out of range
✗ 获取失败
  [获取] 国联民生(601456.SH)...     获取失败 601456.SH: list index out of range
✗ 获取失败
  [获取] 中国铝业(601600.SH)...     获取失败 601600.SH: list index out of range
✗ 获取失败
  [获取] 中国太保(601601.SH)... ✓ 新增1970条, 总计1970条

批次完成 | 成功:0 更新:143 跳过:0 失败:87
休息 30.0 秒...


[批次 24/30]
  [获取] 上海医药(601607.SH)...     获取失败 601607.SH: list index out of range
✗ 获取失败
  [获取] 中国中冶(601618.SH)...     获取失败 601618.SH: list index out of range
✗ 获取失败
  [获取] 中国人寿(601628.SH)...     获取失败 601628.SH: list index out of range
✗ 获取失败
  [获取] 长城汽车(601633.SH)...     获取失败 601633.SH: list index out of range
✗ 获取失败
  [获取] 邮储银行(601658.SH)...     获取失败 601658.SH: list index out of range
✗ 获取失败
  [获取] 中国建筑(601668.SH)...     获取失败 601668.SH: list index out of range
✗ 获取失败
  [获取] 中国电建(601669.SH)...     获取失败 601669.SH: list index out of range
✗ 获取失败
  [获取] 华泰证券(601688.SH)...     获取失败 601688.SH: list index out of range
✗ 获取失败
  [获取] 拓普集团(601689.SH)...     获取失败 601689.SH: list index out of range
✗ 获取失败
  [获取] 中国卫通(601698.SH)...     获取失败 601698.SH: list index out of range
✗ 获取失败

批次完成 | 成功:0 更新:143 跳过:0 失败:97
休息 30.0 秒...


[批次 25/30]
  [获取] 中国电信(601728.SH)...     获取失败 601728.SH: list index out of range
✗ 获取失败
  [获取] 中国中车(601766.SH)... ✓ 新增1970条, 总计1970条
  [获取] 光大证券(601788.SH)...     获取失败 601788.SH: list index out of range
✗ 获取失败
  [获取] 中国交建(601800.SH)...     获取失败 601800.SH: list index out of range
✗ 获取失败
  [获取] 中海油服(601808.SH)...     获取失败 601808.SH: list index out of range
✗ 获取失败
  [获取] 京沪高铁(601816.SH)...     获取失败 601816.SH: list index out of range
✗ 获取失败
  [获取] 光大银行(601818.SH)...     获取失败 601818.SH: list index out of range
✗ 获取失败
  [获取] 沪农商行(601825.SH)...     获取失败 601825.SH: list index out of range
✗ 获取失败
  [获取] 成都银行(601838.SH)...     获取失败 601838.SH: list index out of range
✗ 获取失败
  [获取] 中国石油(601857.SH)...     获取失败 601857.SH: list index out of range
✗ 获取失败

批次完成 | 成功:0 更新:144 跳过:0 失败:106
休息 30.0 秒...


[批次 26/30]
  [获取] 中国能建(601868.SH)...     获取失败 601868.SH: list index out of range
✗ 获取失败
  [获取] 招商轮船(601872.SH)...     获取失败 601872.SH: list index out of range
✗ 获取失败
  [获取] 正泰电器(601877.SH)...     获取失败 601877.SH: list index out of range
✗ 获取失败
  [获取] 浙商证券(601878.SH)... ✓ 新增1970条, 总计1970条
  [获取] 中国银河(601881.SH)... ✓ 新增1970条, 总计1970条
  [获取] 中国中免(601888.SH)...     获取失败 601888.SH: list index out of range
✗ 获取失败
  [获取] 中煤能源(601898.SH)... ✓ 新增1970条, 总计1970条
  [获取] 紫金矿业(601899.SH)...     获取失败 601899.SH: list index out of range
✗ 获取失败
  [获取] 方正证券(601901.SH)... ✓ 新增1970条, 总计1970条
  [获取] 浙商银行(601916.SH)...     获取失败 601916.SH: list index out of range
✗ 获取失败

批次完成 | 成功:0 更新:148 跳过:0 失败:112
休息 30.0 秒...


[批次 27/30]
  [获取] 中远海控(601919.SH)...     获取失败 601919.SH: list index out of range
✗ 获取失败
  [获取] 建设银行(601939.SH)... ✓ 新增4条, 总计1974条
  [获取] 中国核电(601985.SH)...     获取失败 601985.SH: list index out of range
✗ 获取失败
  [获取] 中国银行(601988.SH)...     获取失败 601988.SH: list index out of range
✗ 获取失败
  [获取] 中金公司(601995.SH)...     获取失败 601995.SH: list index out of range
✗ 获取失败
  [获取] 中信银行(601998.SH)...     获取失败 601998.SH: list index out of range
✗ 获取失败
  [获取] 中科曙光(603019.SH)... ✓ 新增1970条, 总计1970条
  [获取] 公牛集团(603195.SH)...     获取失败 603195.SH: list index out of range
✗ 获取失败
  [获取] 药明康德(603259.SH)...     获取失败 603259.SH: list index out of range
✗ 获取失败
  [获取] 合盛硅业(603260.SH)...     获取失败 603260.SH: list index out of range
✗ 获取失败

批次完成 | 成功:0 更新:150 跳过:0 失败:120
休息 30.0 秒...


[批次 28/30]
  [获取] 海天味业(603288.SH)...     获取失败 603288.SH: list index out of range
✗ 获取失败
  [获取] 华勤技术(603296.SH)... ✓ 新增1970条, 总计1970条
  [获取] 今世缘(603369.SH)...     获取失败 603369.SH: list index out of range
✗ 获取失败
  [获取] 万泰生物(603392.SH)...     获取失败 603392.SH: list index out of range
✗ 获取失败
  [获取] 豪威集团(603501.SH)...     获取失败 603501.SH: list index out of range
✗ 获取失败
  [获取] 华友钴业(603799.SH)...     获取失败 603799.SH: list index out of range
✗ 获取失败
  [获取] 瑞芯微(603893.SH)...     获取失败 603893.SH: list index out of range
✗ 获取失败
  [获取] 兆易创新(603986.SH)...     获取失败 603986.SH: list index out of range
✗ 获取失败
  [获取] 洛阳钼业(603993.SH)...     获取失败 603993.SH: list index out of range
✗ 获取失败
  [获取] 德业股份(605117.SH)...     获取失败 605117.SH: list index out of range
✗ 获取失败

批次完成 | 成功:0 更新:151 跳过:0 失败:129
休息 30.0 秒...


[批次 29/30]
  [获取] 东鹏饮料(605499.SH)...     获取失败 605499.SH: list index out of range
✗ 获取失败
  [获取] 澜起科技(688008.SH)...     获取失败 688008.SH: list index out of range
✗ 获取失败
  [获取] 中国通号(688009.SH)... ✓ 新增1970条, 总计1970条
  [获取] 中微公司(688012.SH)...     获取失败 688012.SH: list index out of range
✗ 获取失败
  [获取] 传音控股(688036.SH)...     获取失败 688036.SH: list index out of range
✗ 获取失败
  [获取] 海光信息(688041.SH)...     获取失败 688041.SH: list index out of range
✗ 获取失败
  [获取] 龙芯中科(688047.SH)...     获取失败 688047.SH: list index out of range
✗ 获取失败
  [获取] 盛美上海(688082.SH)...     获取失败 688082.SH: list index out of range
✗ 获取失败
  [获取] 金山办公(688111.SH)...     获取失败 688111.SH: list index out of range
✗ 获取失败
  [获取] 沪硅产业(688126.SH)...     获取失败 688126.SH: list index out of range
✗ 获取失败

批次完成 | 成功:0 更新:152 跳过:0 失败:138
休息 30.0 秒...


[批次 30/30]
  [获取] 石头科技(688169.SH)...     获取失败 688169.SH: list index out of range
✗ 获取失败
  [获取] 时代电气(688187.SH)...     获取失败 688187.SH: list index out of range
✗ 获取失败
  [获取] 晶科能源(688223.SH)...     获取失败 688223.SH: list index out of range
✗ 获取失败
  [获取] 寒武纪(688256.SH)...     获取失败 688256.SH: list index out of range
✗ 获取失败
  [获取] 联影医疗(688271.SH)...     获取失败 688271.SH: list index out of range
✗ 获取失败
  [获取] 大全能源(688303.SH)...     获取失败 688303.SH: list index out of range
✗ 获取失败
  [获取] 华润微(688396.SH)...     获取失败 688396.SH: list index out of range
✗ 获取失败
  [获取] 阿特斯(688472.SH)...     获取失败 688472.SH: list index out of range
✗ 获取失败
  [获取] 百利天恒(688506.SH)...     获取失败 688506.SH: list index out of range
✗ 获取失败
  [获取] 中芯国际(688981.SH)...     获取失败 688981.SH: list index out of range
✗ 获取失败

批次完成 | 成功:0 更新:152 跳过:0 失败:148

============================================================
收集完成!
成功: 0, 更新: 152
跳过: 0, 失败: 148
数据库: /Users/foleydang/github/stock-quant/stock-quant/python/strategy/../data/stock_data.db

数据库统计:
  股票数量: 328
  K线数据: 360,994 条
  时间范围: 2025-03-12 14:30:00 ~ 2026-04-02 11:30:00
  数据最多的股票:
    600519.SH: 2,005 条
    002594.SZ: 1,982 条
    000001.SZ: 1,974 条
    000002.SZ: 1,974 条
    000333.SZ: 1,974 条
============================================================


提示: 可以使用以下命令查看数据:
  sqlite3 stock-quant/python/data/stock_data.db
  SELECT COUNT(*) FROM kline_30m;
