
============================================================
沪深300成分股数据收集 - 5年历史数据
启动时间: 2026-04-01 20:42:50
============================================================

数据库初始化完成: /Users/foleydang/github/stock-quant/stock-quant/python/strategy/../data/stock_data.db
获取沪深300成分股列表...
获取成分股失败: HTTPSConnectionPool(host='oss-ch.csindex.com.cn', port=443): Max retries exceeded with url: /static/html/csindex/public/uploads/file/autofile/closeweight/000300closeweight.xls (Caused by NewConnectionError("HTTPSConnection(host='oss-ch.csindex.com.cn', port=443): Failed to establish a new connection: [Errno 9] Bad file descriptor"))

============================================================
开始收集沪深300数据 - 5年历史
数据库: /Users/foleydang/github/stock-quant/stock-quant/python/strategy/../data/stock_data.db
总数: 35 只股票
批次大小: 10
============================================================


[批次 1/4]
  [获取] 贵州茅台(600519.SH)... ✓ 新增1970条, 总计1970条
  [获取] 五粮液(000858.SZ)... ✓ 新增1970条, 总计1970条
  [获取] 中国平安(601318.SH)... ✓ 新增1970条, 总计1970条
  [获取] 招商银行(600036.SH)... ✓ 新增1970条, 总计1970条
  [获取] 兴业银行(601166.SH)... ✓ 新增1970条, 总计1970条
  [获取] 浦发银行(600000.SH)... ✓ 新增1970条, 总计1970条
  [获取] 工商银行(601398.SH)... ✓ 新增1970条, 总计1970条
  [获取] 农业银行(601288.SH)... ✓ 新增1970条, 总计1970条
  [获取] 中信证券(600030.SH)... ✓ 新增1970条, 总计1970条
  [获取] 恒瑞医药(600276.SH)... ✓ 新增1970条, 总计1970条

批次完成 | 成功:0 更新:10 跳过:0 失败:0
休息 30.0 秒...


[批次 2/4]
  [获取] 美的集团(000333.SZ)... ✓ 新增1970条, 总计1970条
  [获取] 格力电器(000651.SZ)... ✓ 新增1970条, 总计1970条
  [获取] 伊利股份(600887.SH)... ✓ 新增1970条, 总计1970条
  [获取] 中国中免(601888.SH)... ✓ 新增1970条, 总计1970条
  [获取] 上海机场(600009.SH)... ✓ 新增1970条, 总计1970条
  [获取] 隆基绿能(601012.SH)... ✓ 新增1970条, 总计1970条
  [获取] 长江电力(600900.SH)... ✓ 新增1970条, 总计1970条
  [获取] 光大银行(601818.SH)... ✓ 新增1970条, 总计1970条
  [获取] 建设银行(601939.SH)... ✓ 新增1970条, 总计1970条
  [获取] 中国银行(601988.SH)... ✓ 新增1970条, 总计1970条

批次完成 | 成功:0 更新:20 跳过:0 失败:0
休息 30.0 秒...


[批次 3/4]
  [获取] 保利发展(600048.SH)...     获取失败 600048.SH: list index out of range
✗ 获取失败
  [获取] 中国人寿(601628.SH)...     获取失败 601628.SH: list index out of range
✗ 获取失败
  [获取] 中国太保(601601.SH)...     获取失败 601601.SH: list index out of range
✗ 获取失败
  [获取] 新华保险(601336.SH)...     获取失败 601336.SH: list index out of range
✗ 获取失败
  [获取] 海螺水泥(600585.SH)...     获取失败 600585.SH: list index out of range
✗ 获取失败
  [获取] 万华化学(600309.SH)...     获取失败 600309.SH: list index out of range
✗ 获取失败
  [获取] 恒力石化(600346.SH)...     获取失败 600346.SH: list index out of range
✗ 获取失败
  [获取] 万科A(000002.SZ)...     获取失败 000002.SZ: list index out of range
✗ 获取失败
  [获取] 平安银行(000001.SZ)...     获取失败 000001.SZ: list index out of range
✗ 获取失败
  [获取] 比亚迪(002594.SZ)...     获取失败 002594.SZ: list index out of range
✗ 获取失败

批次完成 | 成功:0 更新:20 跳过:0 失败:10
休息 30.0 秒...


[批次 4/4]
  [获取] 立讯精密(002475.SZ)...     获取失败 002475.SZ: list index out of range
✗ 获取失败
  [获取] 海康威视(002415.SZ)...     获取失败 002415.SZ: list index out of range
✗ 获取失败
  [获取] 宁德时代(300750.SZ)...     获取失败 300750.SZ: list index out of range
✗ 获取失败
  [获取] 爱尔眼科(300015.SZ)...     获取失败 300015.SZ: list index out of range
✗ 获取失败
  [获取] 汇川技术(300124.SZ)...     获取失败 300124.SZ: list index out of range
✗ 获取失败

批次完成 | 成功:0 更新:20 跳过:0 失败:15

============================================================
收集完成!
成功: 0, 更新: 20
跳过: 0, 失败: 15
数据库: /Users/foleydang/github/stock-quant/stock-quant/python/strategy/../data/stock_data.db

数据库统计:
  股票数量: 0
  K线数据: 39,400 条
  时间范围: 2025-03-26 14:30:00 ~ 2026-04-01 15:00:00
  数据最多的股票:
    000333.SZ: 1,970 条
    000651.SZ: 1,970 条
    000858.SZ: 1,970 条
    600000.SH: 1,970 条
    600009.SH: 1,970 条
============================================================


提示: 可以使用以下命令查看数据:
  sqlite3 stock-quant/python/data/stock_data.db
  SELECT COUNT(*) FROM kline_30m;
