
2026-04-02 20:00:01 - 开始增量更新
akshare 新浪接口失败 002126.SZ: list index out of range
akshare 东方财富接口失败 002126.SZ: ('Connection aborted.', RemoteDisconnected('Remote end closed connection without response'))
akshare 新浪接口失败 002128.SZ: list index out of range
akshare 东方财富接口失败 002128.SZ: ('Connection aborted.', RemoteDisconnected('Remote end closed connection without response'))
akshare 新浪接口失败 002157.SZ: list index out of range
akshare 东方财富接口失败 002157.SZ: ('Connection aborted.', RemoteDisconnected('Remote end closed connection without response'))
akshare 新浪接口失败 002265.SZ: list index out of range
akshare 东方财富接口失败 002265.SZ: ('Connection aborted.', RemoteDisconnected('Remote end closed connection without response'))
akshare 新浪接口失败 002271.SZ: list index out of range
akshare 东方财富接口失败 002271.SZ: ('Connection aborted.', RemoteDisconnected('Remote end closed connection without response'))
akshare 新浪接口失败 002335.SZ: list index out of range
akshare 东方财富接口失败 002335.SZ: ('Connection aborted.', RemoteDisconnected('Remote end closed connection without response'))
akshare 新浪接口失败 002402.SZ: list index out of range
akshare 东方财富接口失败 002402.SZ: ('Connection aborted.', RemoteDisconnected('Remote end closed connection without response'))
akshare 新浪接口失败 002583.SZ: list index out of range
akshare 东方财富接口失败 002583.SZ: ('Connection aborted.', RemoteDisconnected('Remote end closed connection without response'))
akshare 新浪接口失败 300718.SZ: list index out of range
akshare 东方财富接口失败 300718.SZ: ('Connection aborted.', RemoteDisconnected('Remote end closed connection without response'))
akshare 新浪接口失败 300972.SZ: list index out of range
akshare 东方财富接口失败 300972.SZ: ('Connection aborted.', RemoteDisconnected('Remote end closed connection without response'))
akshare 新浪接口失败 301200.SZ: list index out of range
akshare 东方财富接口失败 301200.SZ: ('Connection aborted.', RemoteDisconnected('Remote end closed connection without response'))
akshare 新浪接口失败 600006.SH: list index out of range
akshare 东方财富接口失败 600006.SH: ('Connection aborted.', RemoteDisconnected('Remote end closed connection without response'))
akshare 新浪接口失败 601567.SH: list index out of range
akshare 东方财富接口失败 601567.SH: ('Connection aborted.', RemoteDisconnected('Remote end closed connection without response'))
akshare 新浪接口失败 601799.SH: list index out of range
akshare 东方财富接口失败 601799.SH: ('Connection aborted.', RemoteDisconnected('Remote end closed connection without response'))
akshare 新浪接口失败 603049.SH: list index out of range
akshare 东方财富接口失败 603049.SH: ('Connection aborted.', RemoteDisconnected('Remote end closed connection without response'))
akshare 新浪接口失败 603806.SH: list index out of range
akshare 东方财富接口失败 603806.SH: ('Connection aborted.', RemoteDisconnected('Remote end closed connection without response'))
akshare 新浪接口失败 688018.SH: list index out of range
akshare 东方财富接口失败 688018.SH: ('Connection aborted.', RemoteDisconnected('Remote end closed connection without response'))
akshare 新浪接口失败 688037.SH: list index out of range
akshare 东方财富接口失败 688037.SH: ('Connection aborted.', RemoteDisconnected('Remote end closed connection without response'))
akshare 新浪接口失败 688166.SH: list index out of range
akshare 东方财富接口失败 688166.SH: ('Connection aborted.', RemoteDisconnected('Remote end closed connection without response'))
akshare 新浪接口失败 000008.SZ: list index out of range
akshare 东方财富接口失败 000008.SZ: ('Connection aborted.', RemoteDisconnected('Remote end closed connection without response'))
akshare 新浪接口失败 000009.SZ: list index out of range
akshare 东方财富接口失败 000009.SZ: ('Connection aborted.', RemoteDisconnected('Remote end closed connection without response'))
akshare 新浪接口失败 000010.SZ: list index out of range
akshare 东方财富接口失败 000010.SZ: ('Connection aborted.', RemoteDisconnected('Remote end closed connection without response'))
akshare 新浪接口失败 600004.SH: list index out of range
akshare 东方财富接口失败 600004.SH: ('Connection aborted.', RemoteDisconnected('Remote end closed connection without response'))
akshare 新浪接口失败 600007.SH: list index out of range
akshare 东方财富接口失败 600007.SH: ('Connection aborted.', RemoteDisconnected('Remote end closed connection without response'))
akshare 新浪接口失败 600008.SH: list index out of range
akshare 东方财富接口失败 600008.SH: ('Connection aborted.', RemoteDisconnected('Remote end closed connection without response'))
akshare 新浪接口失败 000001.SZ: list index out of range
akshare 东方财富接口失败 000001.SZ: ('Connection aborted.', RemoteDisconnected('Remote end closed connection without response'))
akshare 新浪接口失败 000002.SZ: list index out of range
akshare 东方财富接口失败 000002.SZ: ('Connection aborted.', RemoteDisconnected('Remote end closed connection without response'))
akshare 新浪接口失败 000063.SZ: list index out of range
akshare 东方财富接口失败 000063.SZ: ('Connection aborted.', RemoteDisconnected('Remote end closed connection without response'))
akshare 新浪接口失败 000100.SZ: list index out of range
akshare 东方财富接口失败 000100.SZ: ('Connection aborted.', RemoteDisconnected('Remote end closed connection without response'))
akshare 新浪接口失败 000157.SZ: list index out of range
akshare 东方财富接口失败 000157.SZ: ('Connection aborted.', RemoteDisconnected('Remote end closed connection without response'))
akshare 新浪接口失败 000166.SZ: list index out of range
akshare 东方财富接口失败 000166.SZ: ('Connection aborted.', RemoteDisconnected('Remote end closed connection without response'))
akshare 新浪接口失败 000301.SZ: list index out of range
akshare 东方财富接口失败 000301.SZ: ('Connection aborted.', RemoteDisconnected('Remote end closed connection without response'))
akshare 新浪接口失败 000333.SZ: list index out of range
akshare 东方财富接口失败 000333.SZ: ('Connection aborted.', RemoteDisconnected('Remote end closed connection without response'))
akshare 新浪接口失败 000338.SZ: list index out of range
akshare 东方财富接口失败 000338.SZ: ('Connection aborted.', RemoteDisconnected('Remote end closed connection without response'))
akshare 新浪接口失败 000408.SZ: list index out of range
akshare 东方财富接口失败 000408.SZ: ('Connection aborted.', RemoteDisconnected('Remote end closed connection without response'))
akshare 新浪接口失败 000425.SZ: list index out of range
akshare 东方财富接口失败 000425.SZ: ('Connection aborted.', RemoteDisconnected('Remote end closed connection without response'))
akshare 新浪接口失败 000538.SZ: list index out of range
akshare 东方财富接口失败 000538.SZ: ('Connection aborted.', RemoteDisconnected('Remote end closed connection without response'))
akshare 新浪接口失败 000568.SZ: list index out of range
akshare 东方财富接口失败 000568.SZ: ('Connection aborted.', RemoteDisconnected('Remote end closed connection without response'))
akshare 新浪接口失败 000596.SZ: list index out of range
akshare 东方财富接口失败 000596.SZ: ('Connection aborted.', RemoteDisconnected('Remote end closed connection without response'))
akshare 新浪接口失败 000617.SZ: list index out of range
akshare 东方财富接口失败 000617.SZ: ('Connection aborted.', RemoteDisconnected('Remote end closed connection without response'))
akshare 新浪接口失败 000625.SZ: list index out of range
akshare 东方财富接口失败 000625.SZ: ('Connection aborted.', RemoteDisconnected('Remote end closed connection without response'))
akshare 新浪接口失败 000630.SZ: list index out of range
akshare 东方财富接口失败 000630.SZ: ('Connection aborted.', RemoteDisconnected('Remote end closed connection without response'))
akshare 新浪接口失败 000651.SZ: list index out of range
akshare 东方财富接口失败 000651.SZ: ('Connection aborted.', RemoteDisconnected('Remote end closed connection without response'))
akshare 新浪接口失败 000661.SZ: list index out of range
akshare 东方财富接口失败 000661.SZ: ('Connection aborted.', RemoteDisconnected('Remote end closed connection without response'))
akshare 新浪接口失败 000708.SZ: list index out of range
akshare 东方财富接口失败 000708.SZ: ('Connection aborted.', RemoteDisconnected('Remote end closed connection without response'))
akshare 新浪接口失败 000725.SZ: list index out of range
akshare 东方财富接口失败 000725.SZ: ('Connection aborted.', RemoteDisconnected('Remote end closed connection without response'))
akshare 新浪接口失败 000768.SZ: list index out of range
akshare 东方财富接口失败 000768.SZ: ('Connection aborted.', RemoteDisconnected('Remote end closed connection without response'))
akshare 新浪接口失败 000776.SZ: list index out of range
akshare 东方财富接口失败 000776.SZ: ('Connection aborted.', RemoteDisconnected('Remote end closed connection without response'))
akshare 新浪接口失败 000786.SZ: list index out of range
akshare 东方财富接口失败 000786.SZ: ('Connection aborted.', RemoteDisconnected('Remote end closed connection without response'))
akshare 新浪接口失败 000792.SZ: list index out of range
akshare 东方财富接口失败 000792.SZ: ('Connection aborted.', RemoteDisconnected('Remote end closed connection without response'))
akshare 新浪接口失败 000807.SZ: list index out of range
akshare 东方财富接口失败 000807.SZ: ('Connection aborted.', RemoteDisconnected('Remote end closed connection without response'))
akshare 新浪接口失败 000858.SZ: list index out of range
akshare 东方财富接口失败 000858.SZ: ('Connection aborted.', RemoteDisconnected('Remote end closed connection without response'))
akshare 新浪接口失败 000876.SZ: list index out of range
akshare 东方财富接口失败 000876.SZ: ('Connection aborted.', RemoteDisconnected('Remote end closed connection without response'))
akshare 新浪接口失败 000895.SZ: list index out of range
akshare 东方财富接口失败 000895.SZ: ('Connection aborted.', RemoteDisconnected('Remote end closed connection without response'))
akshare 新浪接口失败 000938.SZ: list index out of range
akshare 东方财富接口失败 000938.SZ: ('Connection aborted.', RemoteDisconnected('Remote end closed connection without response'))
akshare 新浪接口失败 000963.SZ: list index out of range
akshare 东方财富接口失败 000963.SZ: ('Connection aborted.', RemoteDisconnected('Remote end closed connection without response'))
akshare 新浪接口失败 000975.SZ: list index out of range
akshare 东方财富接口失败 000975.SZ: ('Connection aborted.', RemoteDisconnected('Remote end closed connection without response'))
akshare 新浪接口失败 000977.SZ: list index out of range
akshare 东方财富接口失败 000977.SZ: ('Connection aborted.', RemoteDisconnected('Remote end closed connection without response'))
akshare 新浪接口失败 000983.SZ: list index out of range
akshare 东方财富接口失败 000983.SZ: ('Connection aborted.', RemoteDisconnected('Remote end closed connection without response'))
akshare 新浪接口失败 000999.SZ: list index out of range
akshare 东方财富接口失败 000999.SZ: ('Connection aborted.', RemoteDisconnected('Remote end closed connection without response'))
akshare 新浪接口失败 001391.SZ: list index out of range
akshare 东方财富接口失败 001391.SZ: ('Connection aborted.', RemoteDisconnected('Remote end closed connection without response'))
akshare 新浪接口失败 001965.SZ: list index out of range
akshare 东方财富接口失败 001965.SZ: ('Connection aborted.', RemoteDisconnected('Remote end closed connection without response'))
akshare 新浪接口失败 001979.SZ: list index out of range
akshare 东方财富接口失败 001979.SZ: ('Connection aborted.', RemoteDisconnected('Remote end closed connection without response'))
akshare 新浪接口失败 002001.SZ: list index out of range
akshare 东方财富接口失败 002001.SZ: ('Connection aborted.', RemoteDisconnected('Remote end closed connection without response'))
akshare 新浪接口失败 002027.SZ: list index out of range
akshare 东方财富接口失败 002027.SZ: ('Connection aborted.', RemoteDisconnected('Remote end closed connection without response'))
akshare 新浪接口失败 002028.SZ: list index out of range
akshare 东方财富接口失败 002028.SZ: ('Connection aborted.', RemoteDisconnected('Remote end closed connection without response'))
akshare 新浪接口失败 002049.SZ: list index out of range
akshare 东方财富接口失败 002049.SZ: ('Connection aborted.', RemoteDisconnected('Remote end closed connection without response'))
akshare 新浪接口失败 002050.SZ: list index out of range
akshare 东方财富接口失败 002050.SZ: ('Connection aborted.', RemoteDisconnected('Remote end closed connection without response'))
akshare 新浪接口失败 002074.SZ: list index out of range
akshare 东方财富接口失败 002074.SZ: ('Connection aborted.', RemoteDisconnected('Remote end closed connection without response'))
akshare 新浪接口失败 002142.SZ: list index out of range
akshare 东方财富接口失败 002142.SZ: ('Connection aborted.', RemoteDisconnected('Remote end closed connection without response'))
akshare 新浪接口失败 002179.SZ: list index out of range
akshare 东方财富接口失败 002179.SZ: ('Connection aborted.', RemoteDisconnected('Remote end closed connection without response'))
akshare 新浪接口失败 002230.SZ: list index out of range
akshare 东方财富接口失败 002230.SZ: ('Connection aborted.', RemoteDisconnected('Remote end closed connection without response'))
akshare 新浪接口失败 002236.SZ: list index out of range
akshare 东方财富接口失败 002236.SZ: ('Connection aborted.', RemoteDisconnected('Remote end closed connection without response'))
akshare 新浪接口失败 002241.SZ: list index out of range
akshare 东方财富接口失败 002241.SZ: ('Connection aborted.', RemoteDisconnected('Remote end closed connection without response'))
akshare 新浪接口失败 002252.SZ: list index out of range
akshare 东方财富接口失败 002252.SZ: ('Connection aborted.', RemoteDisconnected('Remote end closed connection without response'))
akshare 新浪接口失败 002304.SZ: list index out of range
akshare 东方财富接口失败 002304.SZ: ('Connection aborted.', RemoteDisconnected('Remote end closed connection without response'))
akshare 新浪接口失败 002311.SZ: list index out of range
akshare 东方财富接口失败 002311.SZ: ('Connection aborted.', RemoteDisconnected('Remote end closed connection without response'))
akshare 新浪接口失败 002352.SZ: list index out of range
akshare 东方财富接口失败 002352.SZ: ('Connection aborted.', RemoteDisconnected('Remote end closed connection without response'))
akshare 新浪接口失败 002371.SZ: list index out of range
akshare 东方财富接口失败 002371.SZ: ('Connection aborted.', RemoteDisconnected('Remote end closed connection without response'))
akshare 新浪接口失败 002384.SZ: list index out of range
akshare 东方财富接口失败 002384.SZ: ('Connection aborted.', RemoteDisconnected('Remote end closed connection without response'))
akshare 新浪接口失败 002415.SZ: list index out of range
akshare 东方财富接口失败 002415.SZ: ('Connection aborted.', RemoteDisconnected('Remote end closed connection without response'))
akshare 新浪接口失败 002422.SZ: list index out of range
akshare 东方财富接口失败 002422.SZ: ('Connection aborted.', RemoteDisconnected('Remote end closed connection without response'))
akshare 新浪接口失败 002459.SZ: list index out of range
akshare 东方财富接口失败 002459.SZ: ('Connection aborted.', RemoteDisconnected('Remote end closed connection without response'))
akshare 新浪接口失败 002460.SZ: list index out of range
akshare 东方财富接口失败 002460.SZ: ('Connection aborted.', RemoteDisconnected('Remote end closed connection without response'))
akshare 新浪接口失败 002463.SZ: list index out of range
akshare 东方财富接口失败 002463.SZ: ('Connection aborted.', RemoteDisconnected('Remote end closed connection without response'))
akshare 新浪接口失败 002466.SZ: list index out of range
akshare 东方财富接口失败 002466.SZ: ('Connection aborted.', RemoteDisconnected('Remote end closed connection without response'))
akshare 新浪接口失败 002475.SZ: list index out of range
akshare 东方财富接口失败 002475.SZ: ('Connection aborted.', RemoteDisconnected('Remote end closed connection without response'))
akshare 新浪接口失败 002493.SZ: list index out of range
akshare 东方财富接口失败 002493.SZ: ('Connection aborted.', RemoteDisconnected('Remote end closed connection without response'))
akshare 新浪接口失败 002594.SZ: list index out of range
akshare 东方财富接口失败 002594.SZ: ('Connection aborted.', RemoteDisconnected('Remote end closed connection without response'))
akshare 新浪接口失败 002600.SZ: list index out of range
akshare 东方财富接口失败 002600.SZ: ('Connection aborted.', RemoteDisconnected('Remote end closed connection without response'))
akshare 新浪接口失败 002601.SZ: list index out of range
akshare 东方财富接口失败 002601.SZ: ('Connection aborted.', RemoteDisconnected('Remote end closed connection without response'))
akshare 新浪接口失败 002625.SZ: list index out of range
akshare 东方财富接口失败 002625.SZ: ('Connection aborted.', RemoteDisconnected('Remote end closed connection without response'))
akshare 新浪接口失败 002648.SZ: list index out of range
akshare 东方财富接口失败 002648.SZ: ('Connection aborted.', RemoteDisconnected('Remote end closed connection without response'))
akshare 新浪接口失败 002709.SZ: list index out of range
akshare 东方财富接口失败 002709.SZ: ('Connection aborted.', RemoteDisconnected('Remote end closed connection without response'))
akshare 新浪接口失败 002714.SZ: list index out of range
akshare 东方财富接口失败 002714.SZ: ('Connection aborted.', RemoteDisconnected('Remote end closed connection without response'))
akshare 新浪接口失败 002736.SZ: list index out of range
akshare 东方财富接口失败 002736.SZ: ('Connection aborted.', RemoteDisconnected('Remote end closed connection without response'))
akshare 新浪接口失败 002916.SZ: list index out of range
akshare 东方财富接口失败 002916.SZ: ('Connection aborted.', RemoteDisconnected('Remote end closed connection without response'))
akshare 新浪接口失败 002920.SZ: list index out of range
akshare 东方财富接口失败 002920.SZ: ('Connection aborted.', RemoteDisconnected('Remote end closed connection without response'))
akshare 新浪接口失败 002938.SZ: list index out of range
akshare 东方财富接口失败 002938.SZ: ('Connection aborted.', RemoteDisconnected('Remote end closed connection without response'))
akshare 新浪接口失败 003816.SZ: list index out of range
akshare 东方财富接口失败 003816.SZ: ('Connection aborted.', RemoteDisconnected('Remote end closed connection without response'))
akshare 新浪接口失败 300014.SZ: list index out of range
akshare 东方财富接口失败 300014.SZ: ('Connection aborted.', RemoteDisconnected('Remote end closed connection without response'))
akshare 新浪接口失败 300015.SZ: list index out of range
akshare 东方财富接口失败 300015.SZ: ('Connection aborted.', RemoteDisconnected('Remote end closed connection without response'))
akshare 新浪接口失败 300033.SZ: list index out of range
akshare 东方财富接口失败 300033.SZ: ('Connection aborted.', RemoteDisconnected('Remote end closed connection without response'))
akshare 新浪接口失败 300059.SZ: list index out of range
akshare 东方财富接口失败 300059.SZ: ('Connection aborted.', RemoteDisconnected('Remote end closed connection without response'))
akshare 新浪接口失败 300122.SZ: list index out of range
akshare 东方财富接口失败 300122.SZ: ('Connection aborted.', RemoteDisconnected('Remote end closed connection without response'))
akshare 新浪接口失败 300124.SZ: list index out of range
akshare 东方财富接口失败 300124.SZ: ('Connection aborted.', RemoteDisconnected('Remote end closed connection without response'))
akshare 新浪接口失败 300251.SZ: list index out of range
akshare 东方财富接口失败 300251.SZ: ('Connection aborted.', RemoteDisconnected('Remote end closed connection without response'))
akshare 新浪接口失败 300274.SZ: list index out of range
akshare 东方财富接口失败 300274.SZ: ('Connection aborted.', RemoteDisconnected('Remote end closed connection without response'))
akshare 新浪接口失败 300308.SZ: list index out of range
akshare 东方财富接口失败 300308.SZ: ('Connection aborted.', RemoteDisconnected('Remote end closed connection without response'))
akshare 新浪接口失败 300316.SZ: list index out of range
akshare 东方财富接口失败 300316.SZ: ('Connection aborted.', RemoteDisconnected('Remote end closed connection without response'))
akshare 新浪接口失败 300347.SZ: list index out of range
akshare 东方财富接口失败 300347.SZ: ('Connection aborted.', RemoteDisconnected('Remote end closed connection without response'))
akshare 新浪接口失败 300394.SZ: list index out of range
akshare 东方财富接口失败 300394.SZ: ('Connection aborted.', RemoteDisconnected('Remote end closed connection without response'))
akshare 新浪接口失败 300408.SZ: list index out of range
akshare 东方财富接口失败 300408.SZ: ('Connection aborted.', RemoteDisconnected('Remote end closed connection without response'))
akshare 新浪接口失败 300413.SZ: list index out of range
akshare 东方财富接口失败 300413.SZ: ('Connection aborted.', RemoteDisconnected('Remote end closed connection without response'))
akshare 新浪接口失败 300418.SZ: list index out of range
akshare 东方财富接口失败 300418.SZ: ('Connection aborted.', RemoteDisconnected('Remote end closed connection without response'))
akshare 新浪接口失败 300433.SZ: list index out of range
akshare 东方财富接口失败 300433.SZ: ('Connection aborted.', RemoteDisconnected('Remote end closed connection without response'))
akshare 新浪接口失败 300442.SZ: list index out of range
akshare 东方财富接口失败 300442.SZ: ('Connection aborted.', RemoteDisconnected('Remote end closed connection without response'))
akshare 新浪接口失败 300476.SZ: list index out of range
akshare 东方财富接口失败 300476.SZ: ('Connection aborted.', RemoteDisconnected('Remote end closed connection without response'))
akshare 新浪接口失败 300498.SZ: list index out of range
akshare 东方财富接口失败 300498.SZ: ('Connection aborted.', RemoteDisconnected('Remote end closed connection without response'))
akshare 新浪接口失败 300502.SZ: list index out of range
akshare 东方财富接口失败 300502.SZ: ('Connection aborted.', RemoteDisconnected('Remote end closed connection without response'))
akshare 新浪接口失败 300628.SZ: list index out of range
akshare 东方财富接口失败 300628.SZ: ('Connection aborted.', RemoteDisconnected('Remote end closed connection without response'))
akshare 新浪接口失败 300661.SZ: list index out of range
akshare 东方财富接口失败 300661.SZ: ('Connection aborted.', RemoteDisconnected('Remote end closed connection without response'))
akshare 新浪接口失败 300750.SZ: list index out of range
akshare 东方财富接口失败 300750.SZ: ('Connection aborted.', RemoteDisconnected('Remote end closed connection without response'))
akshare 新浪接口失败 300759.SZ: list index out of range
akshare 东方财富接口失败 300759.SZ: ('Connection aborted.', RemoteDisconnected('Remote end closed connection without response'))
akshare 新浪接口失败 300760.SZ: list index out of range
akshare 东方财富接口失败 300760.SZ: ('Connection aborted.', RemoteDisconnected('Remote end closed connection without response'))
akshare 新浪接口失败 300782.SZ: list index out of range
akshare 东方财富接口失败 300782.SZ: ('Connection aborted.', RemoteDisconnected('Remote end closed connection without response'))
akshare 新浪接口失败 300803.SZ: list index out of range
akshare 东方财富接口失败 300803.SZ: ('Connection aborted.', RemoteDisconnected('Remote end closed connection without response'))
akshare 新浪接口失败 300832.SZ: list index out of range
akshare 东方财富接口失败 300832.SZ: ('Connection aborted.', RemoteDisconnected('Remote end closed connection without response'))
akshare 新浪接口失败 300866.SZ: list index out of range
akshare 东方财富接口失败 300866.SZ: ('Connection aborted.', RemoteDisconnected('Remote end closed connection without response'))
akshare 新浪接口失败 300896.SZ: list index out of range
akshare 东方财富接口失败 300896.SZ: ('Connection aborted.', RemoteDisconnected('Remote end closed connection without response'))
akshare 新浪接口失败 300979.SZ: list index out of range
akshare 东方财富接口失败 300979.SZ: ('Connection aborted.', RemoteDisconnected('Remote end closed connection without response'))
akshare 新浪接口失败 300999.SZ: list index out of range
akshare 东方财富接口失败 300999.SZ: ('Connection aborted.', RemoteDisconnected('Remote end closed connection without response'))
akshare 新浪接口失败 301236.SZ: list index out of range
akshare 东方财富接口失败 301236.SZ: ('Connection aborted.', RemoteDisconnected('Remote end closed connection without response'))
akshare 新浪接口失败 301269.SZ: list index out of range
akshare 东方财富接口失败 301269.SZ: ('Connection aborted.', RemoteDisconnected('Remote end closed connection without response'))
akshare 新浪接口失败 302132.SZ: list index out of range
akshare 东方财富接口失败 302132.SZ: ('Connection aborted.', RemoteDisconnected('Remote end closed connection without response'))
akshare 新浪接口失败 600000.SH: list index out of range
akshare 东方财富接口失败 600000.SH: ('Connection aborted.', RemoteDisconnected('Remote end closed connection without response'))
akshare 新浪接口失败 600009.SH: list index out of range
akshare 东方财富接口失败 600009.SH: ('Connection aborted.', RemoteDisconnected('Remote end closed connection without response'))
akshare 新浪接口失败 600010.SH: list index out of range
akshare 东方财富接口失败 600010.SH: ('Connection aborted.', RemoteDisconnected('Remote end closed connection without response'))
akshare 新浪接口失败 600011.SH: list index out of range
akshare 东方财富接口失败 600011.SH: ('Connection aborted.', RemoteDisconnected('Remote end closed connection without response'))
akshare 新浪接口失败 600015.SH: list index out of range
akshare 东方财富接口失败 600015.SH: ('Connection aborted.', RemoteDisconnected('Remote end closed connection without response'))
akshare 新浪接口失败 600016.SH: list index out of range
akshare 东方财富接口失败 600016.SH: ('Connection aborted.', RemoteDisconnected('Remote end closed connection without response'))
akshare 新浪接口失败 600018.SH: list index out of range
akshare 东方财富接口失败 600018.SH: ('Connection aborted.', RemoteDisconnected('Remote end closed connection without response'))
akshare 新浪接口失败 600019.SH: list index out of range
akshare 东方财富接口失败 600019.SH: ('Connection aborted.', RemoteDisconnected('Remote end closed connection without response'))
akshare 新浪接口失败 600023.SH: list index out of range
akshare 东方财富接口失败 600023.SH: ('Connection aborted.', RemoteDisconnected('Remote end closed connection without response'))
akshare 新浪接口失败 600025.SH: list index out of range
akshare 东方财富接口失败 600025.SH: ('Connection aborted.', RemoteDisconnected('Remote end closed connection without response'))
akshare 新浪接口失败 600026.SH: list index out of range
akshare 东方财富接口失败 600026.SH: ('Connection aborted.', RemoteDisconnected('Remote end closed connection without response'))
akshare 新浪接口失败 600027.SH: list index out of range
akshare 东方财富接口失败 600027.SH: ('Connection aborted.', RemoteDisconnected('Remote end closed connection without response'))
akshare 新浪接口失败 600028.SH: list index out of range
akshare 东方财富接口失败 600028.SH: ('Connection aborted.', RemoteDisconnected('Remote end closed connection without response'))
akshare 新浪接口失败 600029.SH: list index out of range
akshare 东方财富接口失败 600029.SH: ('Connection aborted.', RemoteDisconnected('Remote end closed connection without response'))
akshare 新浪接口失败 600030.SH: list index out of range
akshare 东方财富接口失败 600030.SH: ('Connection aborted.', RemoteDisconnected('Remote end closed connection without response'))
akshare 新浪接口失败 600031.SH: list index out of range
akshare 东方财富接口失败 600031.SH: ('Connection aborted.', RemoteDisconnected('Remote end closed connection without response'))
akshare 新浪接口失败 600036.SH: list index out of range
akshare 东方财富接口失败 600036.SH: ('Connection aborted.', RemoteDisconnected('Remote end closed connection without response'))
akshare 新浪接口失败 600039.SH: list index out of range
akshare 东方财富接口失败 600039.SH: ('Connection aborted.', RemoteDisconnected('Remote end closed connection without response'))
akshare 新浪接口失败 600048.SH: list index out of range
akshare 东方财富接口失败 600048.SH: ('Connection aborted.', RemoteDisconnected('Remote end closed connection without response'))
akshare 新浪接口失败 600050.SH: list index out of range
akshare 东方财富接口失败 600050.SH: ('Connection aborted.', RemoteDisconnected('Remote end closed connection without response'))
akshare 新浪接口失败 600061.SH: list index out of range
akshare 东方财富接口失败 600061.SH: ('Connection aborted.', RemoteDisconnected('Remote end closed connection without response'))
akshare 新浪接口失败 600066.SH: list index out of range
akshare 东方财富接口失败 600066.SH: ('Connection aborted.', RemoteDisconnected('Remote end closed connection without response'))
akshare 新浪接口失败 600085.SH: list index out of range
akshare 东方财富接口失败 600085.SH: ('Connection aborted.', RemoteDisconnected('Remote end closed connection without response'))
akshare 新浪接口失败 600089.SH: list index out of range
akshare 东方财富接口失败 600089.SH: ('Connection aborted.', RemoteDisconnected('Remote end closed connection without response'))
akshare 新浪接口失败 600104.SH: list index out of range
akshare 东方财富接口失败 600104.SH: ('Connection aborted.', RemoteDisconnected('Remote end closed connection without response'))
akshare 新浪接口失败 600111.SH: list index out of range
akshare 东方财富接口失败 600111.SH: ('Connection aborted.', RemoteDisconnected('Remote end closed connection without response'))
akshare 新浪接口失败 600115.SH: list index out of range
akshare 东方财富接口失败 600115.SH: ('Connection aborted.', RemoteDisconnected('Remote end closed connection without response'))
akshare 新浪接口失败 600150.SH: list index out of range
akshare 东方财富接口失败 600150.SH: ('Connection aborted.', RemoteDisconnected('Remote end closed connection without response'))
akshare 新浪接口失败 600160.SH: list index out of range
akshare 东方财富接口失败 600160.SH: ('Connection aborted.', RemoteDisconnected('Remote end closed connection without response'))
akshare 新浪接口失败 600161.SH: list index out of range
akshare 东方财富接口失败 600161.SH: ('Connection aborted.', RemoteDisconnected('Remote end closed connection without response'))
akshare 新浪接口失败 600176.SH: list index out of range
akshare 东方财富接口失败 600176.SH: ('Connection aborted.', RemoteDisconnected('Remote end closed connection without response'))
akshare 新浪接口失败 600183.SH: list index out of range
akshare 东方财富接口失败 600183.SH: ('Connection aborted.', RemoteDisconnected('Remote end closed connection without response'))
akshare 新浪接口失败 600188.SH: list index out of range
akshare 东方财富接口失败 600188.SH: ('Connection aborted.', RemoteDisconnected('Remote end closed connection without response'))
akshare 新浪接口失败 600196.SH: list index out of range
akshare 东方财富接口失败 600196.SH: ('Connection aborted.', RemoteDisconnected('Remote end closed connection without response'))
akshare 新浪接口失败 600219.SH: list index out of range
akshare 东方财富接口失败 600219.SH: ('Connection aborted.', RemoteDisconnected('Remote end closed connection without response'))
akshare 新浪接口失败 600233.SH: list index out of range
akshare 东方财富接口失败 600233.SH: ('Connection aborted.', RemoteDisconnected('Remote end closed connection without response'))
akshare 新浪接口失败 600276.SH: list index out of range
akshare 东方财富接口失败 600276.SH: ('Connection aborted.', RemoteDisconnected('Remote end closed connection without response'))
akshare 新浪接口失败 600309.SH: list index out of range
akshare 东方财富接口失败 600309.SH: ('Connection aborted.', RemoteDisconnected('Remote end closed connection without response'))
akshare 新浪接口失败 600346.SH: list index out of range
akshare 东方财富接口失败 600346.SH: ('Connection aborted.', RemoteDisconnected('Remote end closed connection without response'))
akshare 新浪接口失败 600362.SH: list index out of range
akshare 东方财富接口失败 600362.SH: ('Connection aborted.', RemoteDisconnected('Remote end closed connection without response'))
akshare 新浪接口失败 600372.SH: list index out of range
akshare 东方财富接口失败 600372.SH: ('Connection aborted.', RemoteDisconnected('Remote end closed connection without response'))
akshare 新浪接口失败 600377.SH: list index out of range
akshare 东方财富接口失败 600377.SH: ('Connection aborted.', RemoteDisconnected('Remote end closed connection without response'))
akshare 新浪接口失败 600406.SH: list index out of range
akshare 东方财富接口失败 600406.SH: ('Connection aborted.', RemoteDisconnected('Remote end closed connection without response'))
akshare 新浪接口失败 600415.SH: list index out of range
akshare 东方财富接口失败 600415.SH: ('Connection aborted.', RemoteDisconnected('Remote end closed connection without response'))
akshare 新浪接口失败 600426.SH: list index out of range
akshare 东方财富接口失败 600426.SH: ('Connection aborted.', RemoteDisconnected('Remote end closed connection without response'))
akshare 新浪接口失败 600436.SH: HTTPSConnectionPool(host='quotes.sina.cn', port=443): Max retries exceeded with url: /cn/api/jsonp_v2.php/=/CN_MarketDataService.getKLineData?symbol=sh600436&scale=30&ma=no&datalen=1970 (Caused by NameResolutionError("HTTPSConnection(host='quotes.sina.cn', port=443): Failed to resolve 'quotes.sina.cn' ([Errno 8] nodename nor servname provided, or not known)"))
akshare 东方财富接口失败 600436.SH: ('Connection aborted.', RemoteDisconnected('Remote end closed connection without response'))
akshare 新浪接口失败 600438.SH: list index out of range
akshare 东方财富接口失败 600438.SH: HTTPSConnectionPool(host='push2his.eastmoney.com', port=443): Max retries exceeded with url: /api/qt/stock/kline/get?fields1=f1%2Cf2%2Cf3%2Cf4%2Cf5%2Cf6&fields2=f51%2Cf52%2Cf53%2Cf54%2Cf55%2Cf56%2Cf57%2Cf58%2Cf59%2Cf60%2Cf61&ut=7eea3edcaed734bea9cbfc24409ed989&klt=30&fqt=1&secid=1.600438&beg=0&end=20500000 (Caused by NameResolutionError("HTTPSConnection(host='push2his.eastmoney.com', port=443): Failed to resolve 'push2his.eastmoney.com' ([Errno 8] nodename nor servname provided, or not known)"))
akshare 新浪接口失败 600460.SH: HTTPSConnectionPool(host='quotes.sina.cn', port=443): Max retries exceeded with url: /cn/api/jsonp_v2.php/=/CN_MarketDataService.getKLineData?symbol=sh600460&scale=30&ma=no&datalen=1970 (Caused by NameResolutionError("HTTPSConnection(host='quotes.sina.cn', port=443): Failed to resolve 'quotes.sina.cn' ([Errno 8] nodename nor servname provided, or not known)"))
东方财富接口成功 600460.SH
akshare 新浪接口失败 600584.SH: HTTPSConnectionPool(host='quotes.sina.cn', port=443): Max retries exceeded with url: /cn/api/jsonp_v2.php/=/CN_MarketDataService.getKLineData?symbol=sh600584&scale=30&ma=no&datalen=1970 (Caused by NameResolutionError("HTTPSConnection(host='quotes.sina.cn', port=443): Failed to resolve 'quotes.sina.cn' ([Errno 8] nodename nor servname provided, or not known)"))
akshare 东方财富接口失败 600584.SH: HTTPSConnectionPool(host='push2his.eastmoney.com', port=443): Max retries exceeded with url: /api/qt/stock/kline/get?fields1=f1%2Cf2%2Cf3%2Cf4%2Cf5%2Cf6&fields2=f51%2Cf52%2Cf53%2Cf54%2Cf55%2Cf56%2Cf57%2Cf58%2Cf59%2Cf60%2Cf61&ut=7eea3edcaed734bea9cbfc24409ed989&klt=30&fqt=1&secid=1.600584&beg=0&end=20500000 (Caused by NameResolutionError("HTTPSConnection(host='push2his.eastmoney.com', port=443): Failed to resolve 'push2his.eastmoney.com' ([Errno 8] nodename nor servname provided, or not known)"))
akshare 新浪接口失败 600585.SH: HTTPSConnectionPool(host='quotes.sina.cn', port=443): Max retries exceeded with url: /cn/api/jsonp_v2.php/=/CN_MarketDataService.getKLineData?symbol=sh600585&scale=30&ma=no&datalen=1970 (Caused by NameResolutionError("HTTPSConnection(host='quotes.sina.cn', port=443): Failed to resolve 'quotes.sina.cn' ([Errno 8] nodename nor servname provided, or not known)"))
akshare 东方财富接口失败 600585.SH: HTTPSConnectionPool(host='push2his.eastmoney.com', port=443): Max retries exceeded with url: /api/qt/stock/kline/get?fields1=f1%2Cf2%2Cf3%2Cf4%2Cf5%2Cf6&fields2=f51%2Cf52%2Cf53%2Cf54%2Cf55%2Cf56%2Cf57%2Cf58%2Cf59%2Cf60%2Cf61&ut=7eea3edcaed734bea9cbfc24409ed989&klt=30&fqt=1&secid=1.600585&beg=0&end=20500000 (Caused by NameResolutionError("HTTPSConnection(host='push2his.eastmoney.com', port=443): Failed to resolve 'push2his.eastmoney.com' ([Errno 8] nodename nor servname provided, or not known)"))
akshare 新浪接口失败 600588.SH: HTTPSConnectionPool(host='quotes.sina.cn', port=443): Max retries exceeded with url: /cn/api/jsonp_v2.php/=/CN_MarketDataService.getKLineData?symbol=sh600588&scale=30&ma=no&datalen=1970 (Caused by NameResolutionError("HTTPSConnection(host='quotes.sina.cn', port=443): Failed to resolve 'quotes.sina.cn' ([Errno 8] nodename nor servname provided, or not known)"))
akshare 东方财富接口失败 600588.SH: HTTPSConnectionPool(host='push2his.eastmoney.com', port=443): Max retries exceeded with url: /api/qt/stock/kline/get?fields1=f1%2Cf2%2Cf3%2Cf4%2Cf5%2Cf6&fields2=f51%2Cf52%2Cf53%2Cf54%2Cf55%2Cf56%2Cf57%2Cf58%2Cf59%2Cf60%2Cf61&ut=7eea3edcaed734bea9cbfc24409ed989&klt=30&fqt=1&secid=1.600588&beg=0&end=20500000 (Caused by NameResolutionError("HTTPSConnection(host='push2his.eastmoney.com', port=443): Failed to resolve 'push2his.eastmoney.com' ([Errno 8] nodename nor servname provided, or not known)"))
akshare 新浪接口失败 600600.SH: HTTPSConnectionPool(host='quotes.sina.cn', port=443): Max retries exceeded with url: /cn/api/jsonp_v2.php/=/CN_MarketDataService.getKLineData?symbol=sh600600&scale=30&ma=no&datalen=1970 (Caused by NameResolutionError("HTTPSConnection(host='quotes.sina.cn', port=443): Failed to resolve 'quotes.sina.cn' ([Errno 8] nodename nor servname provided, or not known)"))
akshare 东方财富接口失败 600600.SH: HTTPSConnectionPool(host='push2his.eastmoney.com', port=443): Max retries exceeded with url: /api/qt/stock/kline/get?fields1=f1%2Cf2%2Cf3%2Cf4%2Cf5%2Cf6&fields2=f51%2Cf52%2Cf53%2Cf54%2Cf55%2Cf56%2Cf57%2Cf58%2Cf59%2Cf60%2Cf61&ut=7eea3edcaed734bea9cbfc24409ed989&klt=30&fqt=1&secid=1.600600&beg=0&end=20500000 (Caused by NameResolutionError("HTTPSConnection(host='push2his.eastmoney.com', port=443): Failed to resolve 'push2his.eastmoney.com' ([Errno 8] nodename nor servname provided, or not known)"))
akshare 新浪接口失败 600660.SH: HTTPSConnectionPool(host='quotes.sina.cn', port=443): Max retries exceeded with url: /cn/api/jsonp_v2.php/=/CN_MarketDataService.getKLineData?symbol=sh600660&scale=30&ma=no&datalen=1970 (Caused by NameResolutionError("HTTPSConnection(host='quotes.sina.cn', port=443): Failed to resolve 'quotes.sina.cn' ([Errno 8] nodename nor servname provided, or not known)"))
东方财富接口成功 600660.SH
======================================================================
沪深300增量更新 - 2026-04-02 20:00:03
======================================================================

共 326 只A股待更新

[1/326] (002126.SZ): 已是最新
[2/326] (002128.SZ): 已是最新
[3/326] (002157.SZ): 已是最新
[4/326] (002265.SZ): 已是最新
[5/326] (002271.SZ): 已是最新
[6/326] (002335.SZ): 已是最新
[7/326] (002402.SZ): 已是最新
[8/326] (002583.SZ): 已是最新
[9/326] (300718.SZ): 已是最新
[10/326] (300972.SZ): 已是最新
[11/326] (301200.SZ): 已是最新
[12/326] (600006.SH): 已是最新
[13/326] (601567.SH): 已是最新
[14/326] (601799.SH): 已是最新
[15/326] (603049.SH): 已是最新
[16/326] (603806.SH): 已是最新
[17/326] (688018.SH): 已是最新
[18/326] (688037.SH): 已是最新
[19/326] (688166.SH): 已是最新
[20/326] (000008.SZ): 已是最新
[21/326] (000009.SZ): 已是最新
[22/326] (000010.SZ): 已是最新
[23/326] (600004.SH): 已是最新
[24/326] (600007.SH): 已是最新
[25/326] (600008.SH): 已是最新
[26/326] 平安银行(000001.SZ): 已是最新
[27/326] 万科A(000002.SZ): 已是最新
[28/326] 中兴通讯(000063.SZ): 已是最新
[29/326] TCL科技(000100.SZ): 已是最新
[30/326] 中联重科(000157.SZ): 已是最新
[31/326] 申万宏源(000166.SZ): 已是最新
[32/326] 东方盛虹(000301.SZ): 获取失败，保留历史数据
[33/326] 美的集团(000333.SZ): 获取失败，保留历史数据
[34/326] 潍柴动力(000338.SZ): 获取失败，保留历史数据
[35/326] 藏格矿业(000408.SZ): 获取失败，保留历史数据
[36/326] 徐工机械(000425.SZ): 获取失败，保留历史数据
[37/326] 云南白药(000538.SZ): 获取失败，保留历史数据
[38/326] 泸州老窖(000568.SZ): 获取失败，保留历史数据
[39/326] 古井贡酒(000596.SZ): 获取失败，保留历史数据
[40/326] 中油资本(000617.SZ): 获取失败，保留历史数据
[41/326] 长安汽车(000625.SZ): 获取失败，保留历史数据
[42/326] 铜陵有色(000630.SZ): 获取失败，保留历史数据
[43/326] 格力电器(000651.SZ): 获取失败，保留历史数据
[44/326] 长春高新(000661.SZ): 获取失败，保留历史数据
[45/326] 中信特钢(000708.SZ): 获取失败，保留历史数据
[46/326] 京东方A(000725.SZ): 获取失败，保留历史数据
[47/326] 中航西飞(000768.SZ): 获取失败，保留历史数据
[48/326] 广发证券(000776.SZ): 获取失败，保留历史数据
[49/326] 北新建材(000786.SZ): 获取失败，保留历史数据
[50/326] 盐湖股份(000792.SZ): 获取失败，保留历史数据
  --- 已处理 50/326, 新增:0条 ---
[51/326] 云铝股份(000807.SZ): 获取失败，保留历史数据
[52/326] 五 粮 液(000858.SZ): 获取失败，保留历史数据
[53/326] 新 希 望(000876.SZ): 获取失败，保留历史数据
[54/326] 双汇发展(000895.SZ): 获取失败，保留历史数据
[55/326] 紫光股份(000938.SZ): 获取失败，保留历史数据
[56/326] 华东医药(000963.SZ): 获取失败，保留历史数据
[57/326] 山金国际(000975.SZ): 获取失败，保留历史数据
[58/326] 浪潮信息(000977.SZ): 获取失败，保留历史数据
[59/326] 山西焦煤(000983.SZ): 获取失败，保留历史数据
[60/326] 华润三九(000999.SZ): 获取失败，保留历史数据
[61/326] 国货航(001391.SZ): 获取失败，保留历史数据
[62/326] 招商公路(001965.SZ): 获取失败，保留历史数据
[63/326] 招商蛇口(001979.SZ): 获取失败，保留历史数据
[64/326] 新和成(002001.SZ): 获取失败，保留历史数据
[65/326] 分众传媒(002027.SZ): 获取失败，保留历史数据
[66/326] 思源电气(002028.SZ): 获取失败，保留历史数据
[67/326] 紫光国微(002049.SZ): 获取失败，保留历史数据
[68/326] 三花智控(002050.SZ): 获取失败，保留历史数据
[69/326] 国轩高科(002074.SZ): 获取失败，保留历史数据
[70/326] 宁波银行(002142.SZ): 获取失败，保留历史数据
[71/326] 中航光电(002179.SZ): 获取失败，保留历史数据
[72/326] 科大讯飞(002230.SZ): 获取失败，保留历史数据
[73/326] 大华股份(002236.SZ): 获取失败，保留历史数据
[74/326] 歌尔股份(002241.SZ): 获取失败，保留历史数据
[75/326] 上海莱士(002252.SZ): 获取失败，保留历史数据
[76/326] 洋河股份(002304.SZ): 获取失败，保留历史数据
[77/326] 海大集团(002311.SZ): 获取失败，保留历史数据
[78/326] 顺丰控股(002352.SZ): 获取失败，保留历史数据
[79/326] 北方华创(002371.SZ): 获取失败，保留历史数据
[80/326] 东山精密(002384.SZ): 获取失败，保留历史数据
[81/326] 海康威视(002415.SZ): 获取失败，保留历史数据
[82/326] 科伦药业(002422.SZ): 获取失败，保留历史数据
[83/326] 晶澳科技(002459.SZ): 获取失败，保留历史数据
[84/326] 赣锋锂业(002460.SZ): 获取失败，保留历史数据
[85/326] 沪电股份(002463.SZ): 获取失败，保留历史数据
[86/326] 天齐锂业(002466.SZ): 获取失败，保留历史数据
[87/326] 立讯精密(002475.SZ): 获取失败，保留历史数据
[88/326] 荣盛石化(002493.SZ): 获取失败，保留历史数据
[89/326] 比亚迪(002594.SZ): 获取失败，保留历史数据
[90/326] 领益智造(002600.SZ): 获取失败，保留历史数据
[91/326] 龙佰集团(002601.SZ): 获取失败，保留历史数据
[92/326] 光启技术(002625.SZ): 获取失败，保留历史数据
[93/326] 卫星化学(002648.SZ): 获取失败，保留历史数据
[94/326] 天赐材料(002709.SZ): 获取失败，保留历史数据
[95/326] 牧原股份(002714.SZ): 获取失败，保留历史数据
[96/326] 国信证券(002736.SZ): 获取失败，保留历史数据
[97/326] 深南电路(002916.SZ): 获取失败，保留历史数据
[98/326] 德赛西威(002920.SZ): 获取失败，保留历史数据
[99/326] 鹏鼎控股(002938.SZ): 获取失败，保留历史数据
[100/326] 中国广核(003816.SZ): 获取失败，保留历史数据
  --- 已处理 100/326, 新增:0条 ---
[101/326] 亿纬锂能(300014.SZ): 获取失败，保留历史数据
[102/326] 爱尔眼科(300015.SZ): 已是最新
[103/326] 同花顺(300033.SZ): 获取失败，保留历史数据
[104/326] 东方财富(300059.SZ): 获取失败，保留历史数据
[105/326] 智飞生物(300122.SZ): 获取失败，保留历史数据
[106/326] 汇川技术(300124.SZ): 已是最新
[107/326] 光线传媒(300251.SZ): 获取失败，保留历史数据
[108/326] 阳光电源(300274.SZ): 获取失败，保留历史数据
[109/326] 中际旭创(300308.SZ): 获取失败，保留历史数据
[110/326] 晶盛机电(300316.SZ): 获取失败，保留历史数据
[111/326] 泰格医药(300347.SZ): 获取失败，保留历史数据
[112/326] 天孚通信(300394.SZ): 获取失败，保留历史数据
[113/326] 三环集团(300408.SZ): 获取失败，保留历史数据
[114/326] 芒果超媒(300413.SZ): 获取失败，保留历史数据
[115/326] 昆仑万维(300418.SZ): 获取失败，保留历史数据
[116/326] 蓝思科技(300433.SZ): 获取失败，保留历史数据
[117/326] 润泽科技(300442.SZ): 获取失败，保留历史数据
[118/326] 胜宏科技(300476.SZ): 获取失败，保留历史数据
[119/326] 温氏股份(300498.SZ): 获取失败，保留历史数据
[120/326] 新易盛(300502.SZ): 获取失败，保留历史数据
[121/326] 亿联网络(300628.SZ): 获取失败，保留历史数据
[122/326] 圣邦股份(300661.SZ): 获取失败，保留历史数据
[123/326] 宁德时代(300750.SZ): 获取失败，保留历史数据
[124/326] 康龙化成(300759.SZ): 获取失败，保留历史数据
[125/326] 迈瑞医疗(300760.SZ): 获取失败，保留历史数据
[126/326] 卓胜微(300782.SZ): 获取失败，保留历史数据
[127/326] 指南针(300803.SZ): 获取失败，保留历史数据
[128/326] 新产业(300832.SZ): 获取失败，保留历史数据
[129/326] 安克创新(300866.SZ): 获取失败，保留历史数据
[130/326] 爱美客(300896.SZ): 获取失败，保留历史数据
[131/326] 华利集团(300979.SZ): 获取失败，保留历史数据
[132/326] 金龙鱼(300999.SZ): 获取失败，保留历史数据
[133/326] 软通动力(301236.SZ): 获取失败，保留历史数据
[134/326] 华大九天(301269.SZ): 获取失败，保留历史数据
[135/326] 中航成飞(302132.SZ): 获取失败，保留历史数据
[136/326] 浦发银行(600000.SH): 获取失败，保留历史数据
[137/326] 上海机场(600009.SH): 获取失败，保留历史数据
[138/326] 包钢股份(600010.SH): 获取失败，保留历史数据
[139/326] 华能国际(600011.SH): 获取失败，保留历史数据
[140/326] 华夏银行(600015.SH): 获取失败，保留历史数据
[141/326] 民生银行(600016.SH): 获取失败，保留历史数据
[142/326] 上港集团(600018.SH): 获取失败，保留历史数据
[143/326] 宝钢股份(600019.SH): 获取失败，保留历史数据
[144/326] 浙能电力(600023.SH): 获取失败，保留历史数据
[145/326] 华能水电(600025.SH): 获取失败，保留历史数据
[146/326] 中远海能(600026.SH): 获取失败，保留历史数据
[147/326] 华电国际(600027.SH): 获取失败，保留历史数据
[148/326] 中国石化(600028.SH): 获取失败，保留历史数据
[149/326] 南方航空(600029.SH): 获取失败，保留历史数据
[150/326] 中信证券(600030.SH): 获取失败，保留历史数据
  --- 已处理 150/326, 新增:0条 ---
[151/326] 三一重工(600031.SH): 获取失败，保留历史数据
[152/326] 招商银行(600036.SH): 获取失败，保留历史数据
[153/326] 四川路桥(600039.SH): 获取失败，保留历史数据
[154/326] 保利发展(600048.SH): 已是最新
[155/326] 中国联通(600050.SH): 获取失败，保留历史数据
[156/326] 国投资本(600061.SH): 获取失败，保留历史数据
[157/326] 宇通客车(600066.SH): 获取失败，保留历史数据
[158/326] 同仁堂(600085.SH): 获取失败，保留历史数据
[159/326] 特变电工(600089.SH): 获取失败，保留历史数据
[160/326] 上汽集团(600104.SH): 获取失败，保留历史数据
[161/326] 北方稀土(600111.SH): 获取失败，保留历史数据
[162/326] 中国东航(600115.SH): 获取失败，保留历史数据
[163/326] 中国船舶(600150.SH): 获取失败，保留历史数据
[164/326] 巨化股份(600160.SH): 获取失败，保留历史数据
[165/326] 天坛生物(600161.SH): 获取失败，保留历史数据
[166/326] 中国巨石(600176.SH): 获取失败，保留历史数据
[167/326] 生益科技(600183.SH): 获取失败，保留历史数据
[168/326] 兖矿能源(600188.SH): 获取失败，保留历史数据
[169/326] 复星医药(600196.SH): 获取失败，保留历史数据
[170/326] 南山铝业(600219.SH): 获取失败，保留历史数据
[171/326] 圆通速递(600233.SH): 获取失败，保留历史数据
[172/326] 恒瑞医药(600276.SH): 获取失败，保留历史数据
[173/326] 万华化学(600309.SH): 获取失败，保留历史数据
[174/326] 恒力石化(600346.SH): 获取失败，保留历史数据
[175/326] 江西铜业(600362.SH): 获取失败，保留历史数据
[176/326] 中航机载(600372.SH): 获取失败，保留历史数据
[177/326] 宁沪高速(600377.SH): 获取失败，保留历史数据
[178/326] 国电南瑞(600406.SH): 获取失败，保留历史数据
[179/326] 小商品城(600415.SH): 获取失败，保留历史数据
[180/326] 华鲁恒升(600426.SH): 获取失败，保留历史数据
[181/326] 片仔癀(600436.SH): 获取失败，保留历史数据
[182/326] 通威股份(600438.SH): 获取失败，保留历史数据
[183/326] 士兰微(600460.SH): +256条新数据
[184/326] 中国动力(600482.SH): +1970条新数据
[185/326] 中金黄金(600489.SH): +1970条新数据
[186/326] 海南机场(600515.SH): +1970条新数据
[187/326] 贵州茅台(600519.SH): +8条新数据
[188/326] 中天科技(600522.SH): +1970条新数据
[189/326] 山东黄金(600547.SH): +1970条新数据
[190/326] 恒生电子(600570.SH): +1970条新数据
[191/326] 长电科技(600584.SH): 获取失败，保留历史数据
[192/326] 海螺水泥(600585.SH): 获取失败，保留历史数据
[193/326] 用友网络(600588.SH): 获取失败，保留历史数据
[194/326] 青岛啤酒(600600.SH): 获取失败，保留历史数据
[195/326] 福耀玻璃(600660.SH): +256条新数据
[196/326] 川投能源(600674.SH): +1970条新数据
[197/326] 海尔智家(600690.SH): +1970条新数据
[198/326] 华域汽车(600741.SH): +1970条新数据
[199/326] 中航沈飞(600760.SH): +1970条新数据
[200/326] 国电电力(600795.SH): +1970条新数据
  --- 已处理 200/326, 新增:22190条 ---
[201/326] 新奥股份(600803.SH): +1970条新数据
[202/326] 山西汾酒(600809.SH): +1970条新数据
[203/326] 宝信软件(600845.SH): +1970条新数据
[204/326] 东方电气(600875.SH): +1970条新数据
[205/326] 国投电力(600886.SH): +1970条新数据
[206/326] 伊利股份(600887.SH): +8条新数据
[207/326] 航发动力(600893.SH): +1970条新数据
[208/326] 长江电力(600900.SH): +8条新数据
[209/326] 三峡能源(600905.SH): +1970条新数据
[210/326] 中泰证券(600918.SH): +1970条新数据
[211/326] 江苏银行(600919.SH): +1970条新数据
[212/326] 杭州银行(600926.SH): +1970条新数据
[213/326] 华电新能(600930.SH): +1384条新数据
[214/326] 中国海油(600938.SH): +1970条新数据
[215/326] 中国移动(600941.SH): +1970条新数据
[216/326] 东方证券(600958.SH): +1970条新数据
[217/326] 宝丰能源(600989.SH): +1970条新数据
[218/326] 招商证券(600999.SH): +1970条新数据
[219/326] 大秦铁路(601006.SH): +1970条新数据
[220/326] 南京银行(601009.SH): +1970条新数据
[221/326] 隆基绿能(601012.SH): +8条新数据
[222/326] 宁波港(601018.SH): +1970条新数据
[223/326] 春秋航空(601021.SH): +1970条新数据
[224/326] 赛轮轮胎(601058.SH): +1970条新数据
[225/326] 信达证券(601059.SH): +1970条新数据
[226/326] 中信建投(601066.SH): +1970条新数据
[227/326] 渝农商行(601077.SH): +1970条新数据
[228/326] 中国神华(601088.SH): +1970条新数据
[229/326] 恒立液压(601100.SH): +1970条新数据
[230/326] 中国国航(601111.SH): +1970条新数据
[231/326] 中国化学(601117.SH): +1970条新数据
[232/326] 赛力斯(601127.SH): +1970条新数据
[233/326] 首创证券(601136.SH): +1970条新数据
[234/326] 工业富联(601138.SH): +1970条新数据
[235/326] 兴业银行(601166.SH): +8条新数据
[236/326] 北京银行(601169.SH): +1970条新数据
[237/326] 中国铁建(601186.SH): +4条新数据
[238/326] 国泰海通(601211.SH): +1970条新数据
[239/326] 陕西煤业(601225.SH): +1970条新数据
[240/326] 上海银行(601229.SH): +1970条新数据
[241/326] 红塔证券(601236.SH): +1970条新数据
[242/326] 广汽集团(601238.SH): +1970条新数据
[243/326] 农业银行(601288.SH): +8条新数据
[244/326] 青岛港(601298.SH): +1970条新数据
[245/326] 中国平安(601318.SH): +8条新数据
[246/326] 中国人保(601319.SH): +1970条新数据
[247/326] 交通银行(601328.SH): +1970条新数据
[248/326] 新华保险(601336.SH): +4条新数据
[249/326] 三六零(601360.SH): +1970条新数据
[250/326] 兴业证券(601377.SH): +1970条新数据
  --- 已处理 250/326, 新增:104400条 ---
[251/326] 中国中铁(601390.SH): +1970条新数据
[252/326] 工商银行(601398.SH): +8条新数据
[253/326] 国联民生(601456.SH): +1970条新数据
[254/326] 中国铝业(601600.SH): +1970条新数据
[255/326] 中国太保(601601.SH): +4条新数据
[256/326] 上海医药(601607.SH): +1970条新数据
[257/326] 中国中冶(601618.SH): +1970条新数据
[258/326] 中国人寿(601628.SH): +1970条新数据
[259/326] 长城汽车(601633.SH): +1970条新数据
[260/326] 邮储银行(601658.SH): +1970条新数据
[261/326] 中国建筑(601668.SH): +1970条新数据
[262/326] 中国电建(601669.SH): +1970条新数据
[263/326] 华泰证券(601688.SH): +1970条新数据
[264/326] 拓普集团(601689.SH): +1970条新数据
[265/326] 中国卫通(601698.SH): +1970条新数据
[266/326] 中国电信(601728.SH): +1970条新数据
[267/326] 中国中车(601766.SH): +4条新数据
[268/326] 光大证券(601788.SH): +1970条新数据
[269/326] 中国交建(601800.SH): +1970条新数据
[270/326] 中海油服(601808.SH): +1970条新数据
[271/326] 京沪高铁(601816.SH): +1970条新数据
[272/326] 光大银行(601818.SH): +8条新数据
[273/326] 沪农商行(601825.SH): +1970条新数据
[274/326] 成都银行(601838.SH): +1970条新数据
[275/326] 中国石油(601857.SH): +1970条新数据
[276/326] 中国能建(601868.SH): +1970条新数据
[277/326] 招商轮船(601872.SH): +1970条新数据
[278/326] 正泰电器(601877.SH): +1970条新数据
[279/326] 浙商证券(601878.SH): +4条新数据
[280/326] 中国银河(601881.SH): +4条新数据
[281/326] 中国中免(601888.SH): +8条新数据
[282/326] 中煤能源(601898.SH): +4条新数据
[283/326] 紫金矿业(601899.SH): +1970条新数据
[284/326] 方正证券(601901.SH): +4条新数据
[285/326] 浙商银行(601916.SH): +1970条新数据
[286/326] 中远海控(601919.SH): +1970条新数据
[287/326] 建设银行(601939.SH): +4条新数据
[288/326] 中国核电(601985.SH): +1970条新数据
[289/326] 中国银行(601988.SH): +8条新数据
[290/326] 中金公司(601995.SH): +1970条新数据
[291/326] 中信银行(601998.SH): +1970条新数据
[292/326] 中科曙光(603019.SH): +4条新数据
[293/326] 公牛集团(603195.SH): +1970条新数据
[294/326] 药明康德(603259.SH): +1970条新数据
[295/326] 合盛硅业(603260.SH): +1970条新数据
[296/326] 海天味业(603288.SH): +1970条新数据
[297/326] 华勤技术(603296.SH): +4条新数据
[298/326] 今世缘(603369.SH): +1970条新数据
[299/326] 万泰生物(603392.SH): +1970条新数据
[300/326] 豪威集团(603501.SH): +1970条新数据
  --- 已处理 300/326, 新增:177358条 ---
[301/326] 华友钴业(603799.SH): +1970条新数据
[302/326] 瑞芯微(603893.SH): +1970条新数据
[303/326] 兆易创新(603986.SH): +1970条新数据
[304/326] 洛阳钼业(603993.SH): +1970条新数据
[305/326] 德业股份(605117.SH): +1970条新数据
[306/326] 东鹏饮料(605499.SH): +1970条新数据
[307/326] 澜起科技(688008.SH): +1970条新数据
[308/326] 中国通号(688009.SH): +4条新数据
[309/326] 中微公司(688012.SH): +1970条新数据
[310/326] 传音控股(688036.SH): +1970条新数据
[311/326] 海光信息(688041.SH): +1970条新数据
[312/326] 龙芯中科(688047.SH): +1970条新数据
[313/326] 盛美上海(688082.SH): +1970条新数据
[314/326] 金山办公(688111.SH): +1970条新数据
[315/326] 沪硅产业(688126.SH): +1970条新数据
[316/326] 石头科技(688169.SH): +1970条新数据
[317/326] 时代电气(688187.SH): +1970条新数据
[318/326] 晶科能源(688223.SH): +1970条新数据
[319/326] 寒武纪(688256.SH): +1970条新数据
[320/326] 联影医疗(688271.SH): +1970条新数据
[321/326] 大全能源(688303.SH): +1970条新数据
[322/326] 华润微(688396.SH): +1970条新数据
[323/326] 阿特斯(688472.SH): +1970条新数据
[324/326] 百利天恒(688506.SH): +1970条新数据
[325/326] 中芯国际(688981.SH): +1970条新数据
[326/326] 港股通互联网ETF(159792.SZ): 已是最新

======================================================================
更新完成: 成功 174, 跳过 152, 新增数据 224642 条
历史数据已保留
======================================================================
2026-04-02 21:55:10 - 更新完成
