
============================================================
Timestamp: 2026-03-23T13:39:49.540017
Signals: {'total': 3, 'buy': 2, 'sell': 0, 'hold': 1}

============================================================
Timestamp: 2026-03-23T13:40:40.558558
Signals: {'total': 3, 'buy': 2, 'sell': 0, 'hold': 1}
  爱尔眼科: 买入 (9.67)
  汇川技术: 买入 (65.84)
  保利发展: 持有 (5.98)

============================================================
Timestamp: 2026-03-23T13:41:34.240926
Signals: {'total': 3, 'buy': 2, 'sell': 0, 'hold': 1}
  爱尔眼科: 买入 (9.65)
  汇川技术: 买入 (65.82)
  保利发展: 持有 (5.98)

============================================================
Timestamp: 2026-03-23T14:00:02.597656
Signals: {'total': 3, 'buy': 3, 'sell': 0, 'hold': 0}
  爱尔眼科: 买入 (9.65)
  汇川技术: 买入 (65.80)
  保利发展: 买入 (5.97)

============================================================
Timestamp: 2026-03-23T14:12:04.781770
Signals: {'total': 3, 'buy': 3, 'sell': 0, 'hold': 0}
  爱尔眼科: 买入 (9.62)
  汇川技术: 买入 (65.54)
  保利发展: 买入 (5.94)

============================================================
Timestamp: 2026-03-23T14:17:09.790672
Signals: {'total': 3, 'buy': 3, 'sell': 0, 'hold': 0}
  爱尔眼科: 买入 (9.61)
  汇川技术: 买入 (65.44)
  保利发展: 买入 (5.93)

============================================================
Timestamp: 2026-03-23T14:19:03.558930
Signals: {'total': 3, 'buy': 3, 'sell': 0, 'hold': 0}
  爱尔眼科: 买入 (9.61)
  汇川技术: 买入 (65.31)
  保利发展: 买入 (5.93)

============================================================
Timestamp: 2026-03-23T14:23:38.298597
Signals: {'total': 3, 'buy': 3, 'sell': 0, 'hold': 0}
  爱尔眼科: 买入 (9.60)
  汇川技术: 买入 (65.17)
  保利发展: 买入 (5.92)

============================================================
Timestamp: 2026-03-23T14:24:50.801073
Signals: {'total': 3, 'buy': 3, 'sell': 0, 'hold': 0}
  爱尔眼科: 买入 (9.62)
  汇川技术: 买入 (65.55)
  保利发展: 买入 (5.94)

============================================================
Timestamp: 2026-03-23T14:30:03.429436
Signals: {'total': 3, 'buy': 3, 'sell': 0, 'hold': 0}
  爱尔眼科: 买入 (9.63)
  汇川技术: 买入 (65.57)
  保利发展: 买入 (5.95)

============================================================
Timestamp: 2026-03-23T17:22:15.270495
Signals: {'total': 3, 'buy': 3, 'sell': 0, 'hold': 0}
  爱尔眼科: 买入 (9.60)
  汇川技术: 买入 (65.33)
  保利发展: 买入 (5.92)
