
============================================================
Timestamp: 2026-03-27T10:30:13.758323
Signals: {'total': 7, 'buy': 1, 'sell': 5, 'hold': 1}
  爱尔眼科: 卖出 (9.49)
  汇川技术: 卖出 (67.30)
  保利发展: 卖出 (5.86)
  美团-W: 持有 (76.55)
  阿里巴巴-W: 强烈卖出 (119.70)
  腾讯控股: 强烈卖出 (498.40)
  贵州茅台: 买入 (1420.00)

============================================================
Timestamp: 2026-03-27T11:00:12.817241
Signals: {'total': 7, 'buy': 1, 'sell': 5, 'hold': 1}
  爱尔眼科: 卖出 (9.48)
  汇川技术: 强烈卖出 (67.12)
  保利发展: 卖出 (5.85)
  美团-W: 持有 (76.55)
  阿里巴巴-W: 强烈卖出 (119.70)
  腾讯控股: 强烈卖出 (498.40)
  贵州茅台: 买入 (1414.63)

============================================================
Timestamp: 2026-03-27T11:30:14.904964
Signals: {'total': 7, 'buy': 1, 'sell': 5, 'hold': 1}
  爱尔眼科: 卖出 (9.49)
  汇川技术: 卖出 (67.34)
  保利发展: 卖出 (5.87)
  美团-W: 持有 (76.55)
  阿里巴巴-W: 强烈卖出 (119.70)
  腾讯控股: 强烈卖出 (498.40)
  贵州茅台: 买入 (1413.90)

============================================================
Timestamp: 2026-03-27T12:00:15.358611
Signals: {'total': 7, 'buy': 1, 'sell': 5, 'hold': 1}
  爱尔眼科: 卖出 (9.49)
  汇川技术: 卖出 (67.34)
  保利发展: 卖出 (5.87)
  美团-W: 持有 (76.55)
  阿里巴巴-W: 强烈卖出 (119.70)
  腾讯控股: 强烈卖出 (498.40)
  贵州茅台: 买入 (1413.90)

============================================================
Timestamp: 2026-03-27T12:30:13.603355
Signals: {'total': 7, 'buy': 1, 'sell': 5, 'hold': 1}
  爱尔眼科: 卖出 (9.49)
  汇川技术: 卖出 (67.34)
  保利发展: 卖出 (5.87)
  美团-W: 持有 (76.55)
  阿里巴巴-W: 强烈卖出 (119.70)
  腾讯控股: 强烈卖出 (498.40)
  贵州茅台: 买入 (1413.90)

============================================================
Timestamp: 2026-03-27T13:00:14.843842
Signals: {'total': 7, 'buy': 1, 'sell': 4, 'hold': 2}
  爱尔眼科: 卖出 (9.49)
  汇川技术: 持有 (67.33)
  保利发展: 强烈卖出 (5.86)
  美团-W: 持有 (76.55)
  阿里巴巴-W: 强烈卖出 (119.70)
  腾讯控股: 强烈卖出 (498.40)
  贵州茅台: 买入 (1414.98)

============================================================
Timestamp: 2026-03-27T13:30:13.901526
Signals: {'total': 7, 'buy': 3, 'sell': 3, 'hold': 1}
  爱尔眼科: 强烈买入 (9.59)
  汇川技术: 强烈买入 (68.23)
  保利发展: 卖出 (5.88)
  美团-W: 持有 (76.55)
  阿里巴巴-W: 强烈卖出 (119.70)
  腾讯控股: 强烈卖出 (498.40)
  贵州茅台: 买入 (1414.17)

============================================================
Timestamp: 2026-03-27T14:00:11.489396
Signals: {'total': 7, 'buy': 2, 'sell': 2, 'hold': 3}
  爱尔眼科: 持有 (9.58)
  汇川技术: 强烈买入 (68.22)
  保利发展: 持有 (5.88)
  美团-W: 持有 (76.55)
  阿里巴巴-W: 强烈卖出 (119.70)
  腾讯控股: 强烈卖出 (498.40)
  贵州茅台: 买入 (1415.35)

============================================================
Timestamp: 2026-03-27T14:30:11.218242
Signals: {'total': 7, 'buy': 0, 'sell': 4, 'hold': 3}
  爱尔眼科: 卖出 (9.55)
  汇川技术: 持有 (66.12)
  保利发展: 持有 (5.95)
  美团-W: 持有 (76.55)
  阿里巴巴-W: 强烈卖出 (119.70)
  腾讯控股: 强烈卖出 (498.40)
  贵州茅台: 卖出 (1401.01)

============================================================
Timestamp: 2026-03-27T15:00:09.769034
Signals: {'total': 7, 'buy': 0, 'sell': 4, 'hold': 3}
  爱尔眼科: 卖出 (9.55)
  汇川技术: 持有 (66.12)
  保利发展: 持有 (5.95)
  美团-W: 持有 (76.55)
  阿里巴巴-W: 强烈卖出 (119.70)
  腾讯控股: 强烈卖出 (498.40)
  贵州茅台: 卖出 (1401.01)

============================================================
Timestamp: 2026-03-27T15:30:11.111088
Signals: {'total': 7, 'buy': 0, 'sell': 4, 'hold': 3}
  爱尔眼科: 卖出 (9.55)
  汇川技术: 持有 (66.12)
  保利发展: 持有 (5.95)
  美团-W: 持有 (76.55)
  阿里巴巴-W: 强烈卖出 (119.70)
  腾讯控股: 强烈卖出 (498.40)
  贵州茅台: 卖出 (1401.01)
