
============================================================
Timestamp: 2026-03-25T10:40:59.435237
Signals: {'total': 7, 'buy': 0, 'sell': 5, 'hold': 2}
  爱尔眼科: 卖出 (9.71)
  汇川技术: 强烈卖出 (66.94)
  保利发展: 持有 (6.00)
  美团-W: 持有 (76.55)
  阿里巴巴-W: 强烈卖出 (119.70)
  腾讯控股: 强烈卖出 (498.40)
  贵州茅台: 强烈卖出 (1407.96)

============================================================
Timestamp: 2026-03-25T10:41:17.249757
Signals: {'total': 7, 'buy': 0, 'sell': 5, 'hold': 2}
  爱尔眼科: 卖出 (9.71)
  汇川技术: 强烈卖出 (66.95)
  保利发展: 持有 (6.00)
  美团-W: 持有 (76.55)
  阿里巴巴-W: 强烈卖出 (119.70)
  腾讯控股: 强烈卖出 (498.40)
  贵州茅台: 强烈卖出 (1407.59)

============================================================
Timestamp: 2026-03-25T10:41:37.856009
Signals: {'total': 7, 'buy': 0, 'sell': 5, 'hold': 2}
  爱尔眼科: 卖出 (9.71)
  汇川技术: 强烈卖出 (66.95)
  保利发展: 持有 (6.01)
  美团-W: 持有 (76.55)
  阿里巴巴-W: 强烈卖出 (119.70)
  腾讯控股: 强烈卖出 (498.40)
  贵州茅台: 强烈卖出 (1408.17)

============================================================
Timestamp: 2026-03-25T11:00:18.535573
Signals: {'total': 7, 'buy': 0, 'sell': 5, 'hold': 2}
  爱尔眼科: 卖出 (9.72)
  汇川技术: 强烈卖出 (67.08)
  保利发展: 持有 (5.99)
  美团-W: 持有 (76.55)
  阿里巴巴-W: 强烈卖出 (119.70)
  腾讯控股: 强烈卖出 (498.40)
  贵州茅台: 强烈卖出 (1410.00)

============================================================
Timestamp: 2026-03-25T11:03:45.481578
Signals: {'total': 7, 'buy': 0, 'sell': 5, 'hold': 2}
  爱尔眼科: 卖出 (9.71)
  汇川技术: 强烈卖出 (67.11)
  保利发展: 持有 (6.00)
  美团-W: 持有 (76.55)
  阿里巴巴-W: 强烈卖出 (119.70)
  腾讯控股: 强烈卖出 (498.40)
  贵州茅台: 强烈卖出 (1408.81)

============================================================
Timestamp: 2026-03-25T11:18:30.303021
Signals: {'total': 7, 'buy': 0, 'sell': 5, 'hold': 2}
  爱尔眼科: 卖出 (9.71)
  汇川技术: 卖出 (67.12)
  保利发展: 持有 (6.02)
  美团-W: 持有 (76.55)
  阿里巴巴-W: 强烈卖出 (119.70)
  腾讯控股: 强烈卖出 (498.40)
  贵州茅台: 卖出 (1410.00)

============================================================
Timestamp: 2026-03-25T11:30:23.692457
Signals: {'total': 7, 'buy': 0, 'sell': 5, 'hold': 2}
  爱尔眼科: 卖出 (9.71)
  汇川技术: 卖出 (67.00)
  保利发展: 持有 (6.02)
  美团-W: 持有 (76.55)
  阿里巴巴-W: 强烈卖出 (119.70)
  腾讯控股: 强烈卖出 (498.40)
  贵州茅台: 卖出 (1408.81)

============================================================
Timestamp: 2026-03-25T12:00:24.104443
Signals: {'total': 7, 'buy': 0, 'sell': 5, 'hold': 2}
  爱尔眼科: 卖出 (9.71)
  汇川技术: 卖出 (67.00)
  保利发展: 持有 (6.02)
  美团-W: 持有 (76.55)
  阿里巴巴-W: 强烈卖出 (119.70)
  腾讯控股: 强烈卖出 (498.40)
  贵州茅台: 卖出 (1408.81)

============================================================
Timestamp: 2026-03-25T12:30:22.915692
Signals: {'total': 7, 'buy': 0, 'sell': 5, 'hold': 2}
  爱尔眼科: 卖出 (9.71)
  汇川技术: 卖出 (67.00)
  保利发展: 持有 (6.02)
  美团-W: 持有 (76.55)
  阿里巴巴-W: 强烈卖出 (119.70)
  腾讯控股: 强烈卖出 (498.40)
  贵州茅台: 卖出 (1408.81)

============================================================
Timestamp: 2026-03-25T13:00:22.366983
Signals: {'total': 7, 'buy': 0, 'sell': 5, 'hold': 2}
  爱尔眼科: 卖出 (9.71)
  汇川技术: 卖出 (67.03)
  保利发展: 持有 (6.01)
  美团-W: 持有 (76.55)
  阿里巴巴-W: 强烈卖出 (119.70)
  腾讯控股: 强烈卖出 (498.40)
  贵州茅台: 卖出 (1409.98)

============================================================
Timestamp: 2026-03-25T13:32:57.328389
Signals: {'total': 7, 'buy': 0, 'sell': 5, 'hold': 2}
  爱尔眼科: 卖出 (9.71)
  汇川技术: 卖出 (67.34)
  保利发展: 持有 (6.00)
  美团-W: 持有 (76.55)
  阿里巴巴-W: 强烈卖出 (119.70)
  腾讯控股: 强烈卖出 (498.40)
  贵州茅台: 卖出 (1409.09)

============================================================
Timestamp: 2026-03-25T14:00:20.860969
Signals: {'total': 7, 'buy': 0, 'sell': 5, 'hold': 2}
  爱尔眼科: 卖出 (9.71)
  汇川技术: 卖出 (67.25)
  保利发展: 持有 (5.99)
  美团-W: 持有 (76.55)
  阿里巴巴-W: 强烈卖出 (119.70)
  腾讯控股: 强烈卖出 (498.40)
  贵州茅台: 卖出 (1406.84)

============================================================
Timestamp: 2026-03-25T14:04:32.530564
Signals: {'total': 7, 'buy': 0, 'sell': 5, 'hold': 2}
  爱尔眼科: 卖出 (9.69)
  汇川技术: 卖出 (67.31)
  保利发展: 持有 (5.99)
  美团-W: 持有 (76.55)
  阿里巴巴-W: 强烈卖出 (119.70)
  腾讯控股: 强烈卖出 (498.40)
  贵州茅台: 强烈卖出 (1405.10)

============================================================
Timestamp: 2026-03-25T14:30:21.658488
Signals: {'total': 7, 'buy': 0, 'sell': 5, 'hold': 2}
  爱尔眼科: 卖出 (9.69)
  汇川技术: 卖出 (67.61)
  保利发展: 持有 (5.99)
  美团-W: 持有 (76.55)
  阿里巴巴-W: 强烈卖出 (119.70)
  腾讯控股: 强烈卖出 (498.40)
  贵州茅台: 强烈卖出 (1405.32)

============================================================
Timestamp: 2026-03-25T15:00:23.402384
Signals: {'total': 7, 'buy': 0, 'sell': 5, 'hold': 2}
  爱尔眼科: 卖出 (9.72)
  汇川技术: 卖出 (68.01)
  保利发展: 持有 (6.01)
  美团-W: 持有 (76.55)
  阿里巴巴-W: 强烈卖出 (119.70)
  腾讯控股: 强烈卖出 (498.40)
  贵州茅台: 强烈卖出 (1410.27)

============================================================
Timestamp: 2026-03-25T15:30:24.048745
Signals: {'total': 7, 'buy': 0, 'sell': 5, 'hold': 2}
  爱尔眼科: 卖出 (9.72)
  汇川技术: 卖出 (68.01)
  保利发展: 持有 (6.01)
  美团-W: 持有 (76.55)
  阿里巴巴-W: 强烈卖出 (119.70)
  腾讯控股: 强烈卖出 (498.40)
  贵州茅台: 强烈卖出 (1410.27)

============================================================
Timestamp: 2026-03-25T16:08:08.795447
Signals: {'total': 7, 'buy': 0, 'sell': 5, 'hold': 2}
  爱尔眼科: 卖出 (9.72)
  汇川技术: 卖出 (68.01)
  保利发展: 持有 (6.01)
  美团-W: 持有 (76.55)
  阿里巴巴-W: 强烈卖出 (119.70)
  腾讯控股: 强烈卖出 (498.40)
  贵州茅台: 卖出 (1410.27)

============================================================
Timestamp: 2026-03-25T16:46:10.597072
Signals: {'total': 7, 'buy': 0, 'sell': 5, 'hold': 2}
  爱尔眼科: 卖出 (9.72)
  汇川技术: 卖出 (68.01)
  保利发展: 持有 (6.01)
  美团-W: 持有 (76.55)
  阿里巴巴-W: 强烈卖出 (119.70)
  腾讯控股: 强烈卖出 (498.40)
  贵州茅台: 强烈卖出 (1410.27)

============================================================
Timestamp: 2026-03-25T17:25:04.642414
Signals: {'total': 7, 'buy': 0, 'sell': 5, 'hold': 2}
  爱尔眼科: 卖出 (9.72)
  汇川技术: 卖出 (68.01)
  保利发展: 持有 (6.01)
  美团-W: 持有 (76.55)
  阿里巴巴-W: 强烈卖出 (119.70)
  腾讯控股: 强烈卖出 (498.40)
  贵州茅台: 强烈卖出 (1410.27)

============================================================
Timestamp: 2026-03-25T17:28:31.479779
Signals: {'total': 7, 'buy': 0, 'sell': 5, 'hold': 2}
  爱尔眼科: 卖出 (9.72)
  汇川技术: 卖出 (68.01)
  保利发展: 持有 (6.01)
  美团-W: 持有 (76.55)
  阿里巴巴-W: 强烈卖出 (119.70)
  腾讯控股: 强烈卖出 (498.40)
  贵州茅台: 强烈卖出 (1410.27)

============================================================
Timestamp: 2026-03-25T17:33:30.325840
Signals: {'total': 7, 'buy': 0, 'sell': 5, 'hold': 2}
  爱尔眼科: 卖出 (9.72)
  汇川技术: 卖出 (68.01)
  保利发展: 持有 (6.01)
  美团-W: 持有 (76.55)
  阿里巴巴-W: 强烈卖出 (119.70)
  腾讯控股: 强烈卖出 (498.40)
  贵州茅台: 强烈卖出 (1410.27)
