
============================================================
Timestamp: 2026-03-31T10:30:35.824176
Signals: {'total': 7, 'buy': 4, 'sell': 2, 'hold': 1}
  爱尔眼科: 持有 (9.68)
  汇川技术: 卖出 (67.38)
  保利发展: 买入 (5.84)
  美团-W: 卖出 (84.10)
  阿里巴巴-W: 买入 (120.50)
  腾讯控股: 强烈买入 (481.20)
  贵州茅台: 强烈买入 (1420.00)

============================================================
Timestamp: 2026-03-31T11:00:32.376557
Signals: {'total': 7, 'buy': 4, 'sell': 2, 'hold': 1}
  爱尔眼科: 持有 (9.68)
  汇川技术: 卖出 (67.38)
  保利发展: 买入 (5.84)
  美团-W: 卖出 (84.10)
  阿里巴巴-W: 买入 (120.50)
  腾讯控股: 强烈买入 (481.20)
  贵州茅台: 强烈买入 (1420.00)

============================================================
Timestamp: 2026-03-31T11:30:35.877610
Signals: {'total': 7, 'buy': 4, 'sell': 2, 'hold': 1}
  爱尔眼科: 持有 (9.68)
  汇川技术: 卖出 (67.38)
  保利发展: 买入 (5.84)
  美团-W: 卖出 (84.10)
  阿里巴巴-W: 买入 (120.50)
  腾讯控股: 强烈买入 (481.20)
  贵州茅台: 强烈买入 (1420.00)

============================================================
Timestamp: 2026-03-31T12:00:33.867598
Signals: {'total': 7, 'buy': 4, 'sell': 2, 'hold': 1}
  爱尔眼科: 持有 (9.68)
  汇川技术: 卖出 (67.38)
  保利发展: 买入 (5.84)
  美团-W: 卖出 (84.10)
  阿里巴巴-W: 买入 (120.50)
  腾讯控股: 强烈买入 (481.20)
  贵州茅台: 强烈买入 (1420.00)

============================================================
Timestamp: 2026-03-31T13:01:02.747736
Signals: {'total': 7, 'buy': 4, 'sell': 2, 'hold': 1}
  爱尔眼科: 持有 (9.68)
  汇川技术: 卖出 (67.38)
  保利发展: 买入 (5.84)
  美团-W: 卖出 (84.10)
  阿里巴巴-W: 买入 (120.50)
  腾讯控股: 强烈买入 (481.20)
  贵州茅台: 强烈买入 (1420.00)

============================================================
Timestamp: 2026-03-31T13:30:34.385808
Signals: {'total': 7, 'buy': 4, 'sell': 2, 'hold': 1}
  爱尔眼科: 持有 (9.68)
  汇川技术: 卖出 (67.38)
  保利发展: 买入 (5.84)
  美团-W: 卖出 (84.10)
  阿里巴巴-W: 买入 (120.50)
  腾讯控股: 强烈买入 (481.20)
  贵州茅台: 强烈买入 (1420.00)

============================================================
Timestamp: 2026-03-31T14:00:32.515906
Signals: {'total': 7, 'buy': 4, 'sell': 2, 'hold': 1}
  爱尔眼科: 持有 (9.68)
  汇川技术: 卖出 (67.38)
  保利发展: 买入 (5.84)
  美团-W: 卖出 (84.10)
  阿里巴巴-W: 买入 (120.50)
  腾讯控股: 强烈买入 (481.20)
  贵州茅台: 强烈买入 (1420.00)

============================================================
Timestamp: 2026-03-31T14:30:31.923289
Signals: {'total': 7, 'buy': 4, 'sell': 2, 'hold': 1}
  爱尔眼科: 持有 (9.68)
  汇川技术: 卖出 (67.38)
  保利发展: 买入 (5.84)
  美团-W: 卖出 (84.10)
  阿里巴巴-W: 买入 (120.50)
  腾讯控股: 强烈买入 (481.20)
  贵州茅台: 强烈买入 (1420.00)

============================================================
Timestamp: 2026-03-31T15:00:32.774978
Signals: {'total': 7, 'buy': 4, 'sell': 2, 'hold': 1}
  爱尔眼科: 持有 (9.68)
  汇川技术: 卖出 (67.38)
  保利发展: 买入 (5.84)
  美团-W: 卖出 (84.10)
  阿里巴巴-W: 买入 (120.50)
  腾讯控股: 强烈买入 (481.20)
  贵州茅台: 强烈买入 (1420.00)

============================================================
Timestamp: 2026-03-31T15:40:14.949768
Signals: {'total': 7, 'buy': 4, 'sell': 2, 'hold': 1}
  爱尔眼科: 持有 (9.68)
  汇川技术: 卖出 (67.38)
  保利发展: 买入 (5.84)
  美团-W: 卖出 (84.10)
  阿里巴巴-W: 买入 (120.50)
  腾讯控股: 强烈买入 (481.20)
  贵州茅台: 强烈买入 (1420.00)
