
============================================================
Timestamp: 2026-03-24T10:30:04.066150
Signals: {'total': 3, 'buy': 0, 'sell': 0, 'hold': 3}
  爱尔眼科: 持有 (9.70)
  汇川技术: 持有 (65.81)
  保利发展: 持有 (5.95)

============================================================
Timestamp: 2026-03-24T11:00:02.831804
Signals: {'total': 3, 'buy': 0, 'sell': 0, 'hold': 3}
  爱尔眼科: 持有 (9.69)
  汇川技术: 持有 (65.77)
  保利发展: 持有 (5.92)

============================================================
Timestamp: 2026-03-24T11:30:02.337521
Signals: {'total': 3, 'buy': 0, 'sell': 0, 'hold': 3}
  爱尔眼科: 持有 (9.67)
  汇川技术: 持有 (65.87)
  保利发展: 持有 (5.93)

============================================================
Timestamp: 2026-03-24T12:00:03.471147
Signals: {'total': 3, 'buy': 0, 'sell': 0, 'hold': 3}
  爱尔眼科: 持有 (9.67)
  汇川技术: 持有 (65.87)
  保利发展: 持有 (5.94)

============================================================
Timestamp: 2026-03-24T12:30:03.796242
Signals: {'total': 3, 'buy': 0, 'sell': 0, 'hold': 3}
  爱尔眼科: 持有 (9.67)
  汇川技术: 持有 (65.87)
  保利发展: 持有 (5.94)

============================================================
Timestamp: 2026-03-24T13:00:02.865956
Signals: {'total': 3, 'buy': 0, 'sell': 0, 'hold': 3}
  爱尔眼科: 持有 (9.68)
  汇川技术: 持有 (65.88)
  保利发展: 持有 (5.94)

============================================================
Timestamp: 2026-03-24T13:30:02.345776
Signals: {'total': 3, 'buy': 0, 'sell': 0, 'hold': 3}
  爱尔眼科: 持有 (9.64)
  汇川技术: 持有 (65.30)
  保利发展: 持有 (5.91)

============================================================
Timestamp: 2026-03-24T14:00:03.935675
Signals: {'total': 3, 'buy': 0, 'sell': 0, 'hold': 3}
  爱尔眼科: 持有 (9.63)
  汇川技术: 持有 (65.35)
  保利发展: 持有 (5.91)

============================================================
Timestamp: 2026-03-24T14:30:03.638997
Signals: {'total': 3, 'buy': 0, 'sell': 0, 'hold': 3}
  爱尔眼科: 持有 (9.69)
  汇川技术: 持有 (65.92)
  保利发展: 持有 (5.95)

============================================================
Timestamp: 2026-03-24T15:00:03.946991
Signals: {'total': 3, 'buy': 0, 'sell': 0, 'hold': 3}
  爱尔眼科: 持有 (9.69)
  汇川技术: 持有 (66.10)
  保利发展: 持有 (5.97)

============================================================
Timestamp: 2026-03-24T15:30:03.629718
Signals: {'total': 3, 'buy': 0, 'sell': 0, 'hold': 3}
  爱尔眼科: 持有 (9.69)
  汇川技术: 持有 (66.10)
  保利发展: 持有 (5.97)

============================================================
Timestamp: 2026-03-24T15:35:32.738706
Signals: {'total': 3, 'buy': 0, 'sell': 0, 'hold': 3}
  爱尔眼科: 持有 (9.69)
  汇川技术: 持有 (66.10)
  保利发展: 持有 (5.97)

============================================================
Timestamp: 2026-03-24T15:40:47.956964
Signals: {'total': 3, 'buy': 0, 'sell': 0, 'hold': 3}
  爱尔眼科: 持有 (9.69)
  汇川技术: 持有 (66.10)
  保利发展: 持有 (5.97)

============================================================
Timestamp: 2026-03-24T15:47:16.227464
Signals: {'total': 0, 'buy': 0, 'sell': 0, 'hold': 0}

============================================================
Timestamp: 2026-03-24T15:48:53.996172
Signals: {'total': 3, 'buy': 0, 'sell': 0, 'hold': 3}
  爱尔眼科: 持有 (9.69)
  汇川技术: 持有 (66.10)
  保利发展: 持有 (5.97)

============================================================
Timestamp: 2026-03-24T15:55:16.069382
Signals: {'total': 3, 'buy': 0, 'sell': 2, 'hold': 1}
  爱尔眼科: 持有 (9.69)
  汇川技术: 卖出 (66.10)
  保利发展: 卖出 (5.97)

============================================================
Timestamp: 2026-03-24T16:04:56.050670
Signals: {'total': 4, 'buy': 0, 'sell': 3, 'hold': 1}
  爱尔眼科: 持有 (9.69)
  汇川技术: 卖出 (66.10)
  保利发展: 卖出 (5.97)
  贵州茅台: 卖出 (1407.33)

============================================================
Timestamp: 2026-03-24T16:06:42.231259
Signals: {'total': 4, 'buy': 0, 'sell': 3, 'hold': 1}
  爱尔眼科: 持有 (9.69)
  汇川技术: 卖出 (66.10)
  保利发展: 卖出 (5.97)
  贵州茅台: 卖出 (1407.33)

============================================================
Timestamp: 2026-03-24T16:40:44.019068
Signals: {'total': 4, 'buy': 0, 'sell': 0, 'hold': 4}
  爱尔眼科: 持有 (9.69)
  汇川技术: 持有 (66.10)
  保利发展: 持有 (5.97)
  贵州茅台: 持有 (1407.33)

============================================================
Timestamp: 2026-03-24T17:20:18.320195
Signals: {'total': 7, 'buy': 0, 'sell': 3, 'hold': 4}
  爱尔眼科: 持有 (9.69)
  汇川技术: 卖出 (66.10)
  保利发展: 卖出 (5.97)
  美团-W: 持有 (0.00)
  阿里巴巴-W: 持有 (0.00)
  腾讯控股: 持有 (0.00)
  贵州茅台: 卖出 (1407.33)

============================================================
Timestamp: 2026-03-24T17:36:06.176854
Signals: {'total': 7, 'buy': 0, 'sell': 5, 'hold': 2}
  爱尔眼科: 持有 (9.69)
  汇川技术: 卖出 (66.10)
  保利发展: 卖出 (5.97)
  美团-W: 持有 (76.55)
  阿里巴巴-W: 强烈卖出 (119.70)
  腾讯控股: 强烈卖出 (498.40)
  贵州茅台: 卖出 (1407.33)

============================================================
Timestamp: 2026-03-24T17:38:12.996528
Signals: {'total': 7, 'buy': 0, 'sell': 5, 'hold': 2}
  爱尔眼科: 持有 (9.69)
  汇川技术: 卖出 (66.10)
  保利发展: 卖出 (5.97)
  美团-W: 持有 (76.55)
  阿里巴巴-W: 强烈卖出 (119.70)
  腾讯控股: 强烈卖出 (498.40)
  贵州茅台: 卖出 (1407.33)

============================================================
Timestamp: 2026-03-24T18:06:01.500342
Signals: {'total': 7, 'buy': 0, 'sell': 6, 'hold': 1}
  爱尔眼科: 卖出 (9.69)
  汇川技术: 卖出 (66.10)
  保利发展: 卖出 (5.97)
  美团-W: 持有 (76.55)
  阿里巴巴-W: 强烈卖出 (119.70)
  腾讯控股: 强烈卖出 (498.40)
  贵州茅台: 卖出 (1407.33)

============================================================
Timestamp: 2026-03-24T19:22:32.173703
Signals: {'total': 7, 'buy': 0, 'sell': 6, 'hold': 1}
  爱尔眼科: 卖出 (9.69)
  汇川技术: 卖出 (66.10)
  保利发展: 卖出 (5.97)
  美团-W: 持有 (76.55)
  阿里巴巴-W: 强烈卖出 (119.70)
  腾讯控股: 强烈卖出 (498.40)
  贵州茅台: 卖出 (1407.33)
