
============================================================
Timestamp: 2026-03-26T10:30:14.783246
Signals: {'total': 7, 'buy': 0, 'sell': 3, 'hold': 4}
  爱尔眼科: 持有 (9.65)
  汇川技术: 持有 (67.86)
  保利发展: 卖出 (5.97)
  美团-W: 持有 (76.55)
  阿里巴巴-W: 强烈卖出 (119.70)
  腾讯控股: 强烈卖出 (498.40)
  贵州茅台: 持有 (1405.81)

============================================================
Timestamp: 2026-03-26T10:53:02.514749
Signals: {'total': 7, 'buy': 0, 'sell': 4, 'hold': 3}
  爱尔眼科: 持有 (9.62)
  汇川技术: 卖出 (67.80)
  保利发展: 卖出 (5.98)
  美团-W: 持有 (76.55)
  阿里巴巴-W: 强烈卖出 (119.70)
  腾讯控股: 强烈卖出 (498.40)
  贵州茅台: 持有 (1405.06)

============================================================
Timestamp: 2026-03-26T11:00:12.036295
Signals: {'total': 7, 'buy': 0, 'sell': 4, 'hold': 3}
  爱尔眼科: 持有 (9.61)
  汇川技术: 持有 (67.89)
  保利发展: 卖出 (5.97)
  美团-W: 持有 (76.55)
  阿里巴巴-W: 强烈卖出 (119.70)
  腾讯控股: 强烈卖出 (498.40)
  贵州茅台: 强烈卖出 (1405.28)

============================================================
Timestamp: 2026-03-26T11:30:14.812644
Signals: {'total': 7, 'buy': 1, 'sell': 2, 'hold': 4}
  爱尔眼科: 持有 (9.58)
  汇川技术: 买入 (67.94)
  保利发展: 持有 (5.96)
  美团-W: 持有 (76.55)
  阿里巴巴-W: 强烈卖出 (119.70)
  腾讯控股: 强烈卖出 (498.40)
  贵州茅台: 持有 (1403.50)

============================================================
Timestamp: 2026-03-26T11:30:27.139855
Signals: {'total': 7, 'buy': 1, 'sell': 2, 'hold': 4}
  爱尔眼科: 持有 (9.58)
  汇川技术: 买入 (67.94)
  保利发展: 持有 (5.96)
  美团-W: 持有 (76.55)
  阿里巴巴-W: 强烈卖出 (119.70)
  腾讯控股: 强烈卖出 (498.40)
  贵州茅台: 持有 (1403.50)

============================================================
Timestamp: 2026-03-26T11:30:46.933481
Signals: {'total': 7, 'buy': 1, 'sell': 2, 'hold': 4}
  爱尔眼科: 持有 (9.58)
  汇川技术: 买入 (67.94)
  保利发展: 持有 (5.96)
  美团-W: 持有 (76.55)
  阿里巴巴-W: 强烈卖出 (119.70)
  腾讯控股: 强烈卖出 (498.40)
  贵州茅台: 持有 (1403.50)

============================================================
Timestamp: 2026-03-26T12:00:12.312510
Signals: {'total': 7, 'buy': 1, 'sell': 2, 'hold': 4}
  爱尔眼科: 持有 (9.58)
  汇川技术: 买入 (67.94)
  保利发展: 持有 (5.96)
  美团-W: 持有 (76.55)
  阿里巴巴-W: 强烈卖出 (119.70)
  腾讯控股: 强烈卖出 (498.40)
  贵州茅台: 持有 (1403.50)

============================================================
Timestamp: 2026-03-26T12:30:15.769537
Signals: {'total': 7, 'buy': 1, 'sell': 2, 'hold': 4}
  爱尔眼科: 持有 (9.58)
  汇川技术: 买入 (67.94)
  保利发展: 持有 (5.96)
  美团-W: 持有 (76.55)
  阿里巴巴-W: 强烈卖出 (119.70)
  腾讯控股: 强烈卖出 (498.40)
  贵州茅台: 持有 (1403.50)

============================================================
Timestamp: 2026-03-26T13:00:11.972906
Signals: {'total': 7, 'buy': 0, 'sell': 5, 'hold': 2}
  爱尔眼科: 卖出 (9.59)
  汇川技术: 持有 (67.91)
  保利发展: 卖出 (5.96)
  美团-W: 持有 (76.55)
  阿里巴巴-W: 强烈卖出 (119.70)
  腾讯控股: 强烈卖出 (498.40)
  贵州茅台: 卖出 (1404.70)

============================================================
Timestamp: 2026-03-26T13:30:11.780829
Signals: {'total': 7, 'buy': 0, 'sell': 5, 'hold': 2}
  爱尔眼科: 强烈卖出 (9.55)
  汇川技术: 持有 (67.61)
  保利发展: 卖出 (5.93)
  美团-W: 持有 (76.55)
  阿里巴巴-W: 强烈卖出 (119.70)
  腾讯控股: 强烈卖出 (498.40)
  贵州茅台: 卖出 (1402.20)

============================================================
Timestamp: 2026-03-26T14:00:13.965327
Signals: {'total': 7, 'buy': 1, 'sell': 4, 'hold': 2}
  爱尔眼科: 卖出 (9.52)
  汇川技术: 买入 (67.59)
  保利发展: 持有 (5.92)
  美团-W: 持有 (76.55)
  阿里巴巴-W: 强烈卖出 (119.70)
  腾讯控股: 强烈卖出 (498.40)
  贵州茅台: 卖出 (1403.19)

============================================================
Timestamp: 2026-03-26T14:30:12.263891
Signals: {'total': 7, 'buy': 0, 'sell': 5, 'hold': 2}
  爱尔眼科: 卖出 (9.47)
  汇川技术: 持有 (67.49)
  保利发展: 强烈卖出 (5.90)
  美团-W: 持有 (76.55)
  阿里巴巴-W: 强烈卖出 (119.70)
  腾讯控股: 强烈卖出 (498.40)
  贵州茅台: 卖出 (1401.33)

============================================================
Timestamp: 2026-03-26T15:00:10.889770
Signals: {'total': 7, 'buy': 0, 'sell': 4, 'hold': 3}
  爱尔眼科: 卖出 (9.42)
  汇川技术: 持有 (67.52)
  保利发展: 强烈卖出 (5.88)
  美团-W: 持有 (76.55)
  阿里巴巴-W: 强烈卖出 (119.70)
  腾讯控股: 强烈卖出 (498.40)
  贵州茅台: 持有 (1401.18)

============================================================
Timestamp: 2026-03-26T15:30:11.730412
Signals: {'total': 7, 'buy': 0, 'sell': 4, 'hold': 3}
  爱尔眼科: 卖出 (9.42)
  汇川技术: 持有 (67.52)
  保利发展: 强烈卖出 (5.88)
  美团-W: 持有 (76.55)
  阿里巴巴-W: 强烈卖出 (119.70)
  腾讯控股: 强烈卖出 (498.40)
  贵州茅台: 持有 (1401.18)
