
============================================================
Timestamp: 2026-03-30T10:00:34.965961
Signals: {'total': 7, 'buy': 0, 'sell': 4, 'hold': 3}
  爱尔眼科: 卖出 (9.55)
  汇川技术: 持有 (66.12)
  保利发展: 持有 (5.95)
  美团-W: 持有 (76.55)
  阿里巴巴-W: 强烈卖出 (119.70)
  腾讯控股: 强烈卖出 (498.40)
  贵州茅台: 卖出 (1401.01)

============================================================
Timestamp: 2026-03-30T10:30:12.098999
Signals: {'total': 7, 'buy': 1, 'sell': 4, 'hold': 2}
  爱尔眼科: 强烈买入 (9.59)
  汇川技术: 卖出 (67.11)
  保利发展: 强烈卖出 (5.84)
  美团-W: 持有 (76.55)
  阿里巴巴-W: 强烈卖出 (119.70)
  腾讯控股: 强烈卖出 (498.40)
  贵州茅台: 持有 (1410.15)

============================================================
Timestamp: 2026-03-30T11:00:13.279678
Signals: {'total': 7, 'buy': 3, 'sell': 2, 'hold': 2}
  爱尔眼科: 强烈买入 (9.61)
  汇川技术: 强烈卖出 (67.16)
  保利发展: 持有 (5.82)
  美团-W: 买入 (76.55)
  阿里巴巴-W: 买入 (119.70)
  腾讯控股: 强烈卖出 (498.40)
  贵州茅台: 持有 (1419.65)

============================================================
Timestamp: 2026-03-30T11:30:12.370436
Signals: {'total': 7, 'buy': 4, 'sell': 2, 'hold': 1}
  爱尔眼科: 强烈买入 (9.66)
  汇川技术: 卖出 (67.61)
  保利发展: 持有 (5.84)
  美团-W: 买入 (76.55)
  阿里巴巴-W: 买入 (119.70)
  腾讯控股: 强烈卖出 (498.40)
  贵州茅台: 买入 (1425.15)

============================================================
Timestamp: 2026-03-30T12:00:10.820977
Signals: {'total': 7, 'buy': 2, 'sell': 1, 'hold': 4}
  爱尔眼科: 强烈买入 (9.66)
  汇川技术: 持有 (67.61)
  保利发展: 持有 (5.84)
  美团-W: 持有 (76.55)
  阿里巴巴-W: 买入 (119.70)
  腾讯控股: 卖出 (498.40)
  贵州茅台: 持有 (1425.15)

============================================================
Timestamp: 2026-03-30T12:30:11.694494
Signals: {'total': 7, 'buy': 2, 'sell': 1, 'hold': 4}
  爱尔眼科: 强烈买入 (9.66)
  汇川技术: 持有 (67.61)
  保利发展: 持有 (5.84)
  美团-W: 持有 (76.55)
  阿里巴巴-W: 买入 (119.70)
  腾讯控股: 卖出 (498.40)
  贵州茅台: 持有 (1425.15)

============================================================
Timestamp: 2026-03-30T13:00:12.171856
Signals: {'total': 7, 'buy': 2, 'sell': 3, 'hold': 2}
  爱尔眼科: 强烈买入 (9.67)
  汇川技术: 卖出 (67.62)
  保利发展: 持有 (5.85)
  美团-W: 持有 (76.55)
  阿里巴巴-W: 买入 (119.70)
  腾讯控股: 卖出 (498.40)
  贵州茅台: 卖出 (1425.15)

============================================================
Timestamp: 2026-03-30T13:30:11.680368
Signals: {'total': 7, 'buy': 3, 'sell': 1, 'hold': 3}
  爱尔眼科: 强烈买入 (9.65)
  汇川技术: 持有 (67.38)
  保利发展: 持有 (5.85)
  美团-W: 持有 (76.55)
  阿里巴巴-W: 买入 (119.70)
  腾讯控股: 卖出 (498.40)
  贵州茅台: 买入 (1418.36)

============================================================
Timestamp: 2026-03-30T13:49:02.728520
Signals: {'total': 7, 'buy': 2, 'sell': 3, 'hold': 2}
  爱尔眼科: 买入 (9.64)
  汇川技术: 持有 (67.23)
  保利发展: 强烈卖出 (5.82)
  美团-W: 持有 (83.95)
  阿里巴巴-W: 卖出 (120.20)
  腾讯控股: 卖出 (480.60)
  贵州茅台: 买入 (1419.37)

============================================================
Timestamp: 2026-03-30T14:00:33.465764
Signals: {'total': 7, 'buy': 1, 'sell': 4, 'hold': 2}
  爱尔眼科: 持有 (9.67)
  汇川技术: 卖出 (67.46)
  保利发展: 卖出 (5.83)
  美团-W: 持有 (84.15)
  阿里巴巴-W: 卖出 (120.50)
  腾讯控股: 卖出 (481.40)
  贵州茅台: 强烈买入 (1417.97)

============================================================
Timestamp: 2026-03-30T14:30:33.431186
Signals: {'total': 7, 'buy': 4, 'sell': 1, 'hold': 2}
  爱尔眼科: 持有 (9.67)
  汇川技术: 持有 (67.45)
  保利发展: 买入 (5.84)
  美团-W: 卖出 (84.75)
  阿里巴巴-W: 强烈买入 (120.90)
  腾讯控股: 买入 (483.00)
  贵州茅台: 强烈买入 (1418.95)

============================================================
Timestamp: 2026-03-30T15:00:33.181634
Signals: {'total': 7, 'buy': 3, 'sell': 1, 'hold': 3}
  爱尔眼科: 持有 (9.68)
  汇川技术: 卖出 (67.38)
  保利发展: 买入 (5.84)
  美团-W: 持有 (84.55)
  阿里巴巴-W: 持有 (121.00)
  腾讯控股: 强烈买入 (482.40)
  贵州茅台: 强烈买入 (1420.00)

============================================================
Timestamp: 2026-03-30T15:30:34.212121
Signals: {'total': 7, 'buy': 4, 'sell': 2, 'hold': 1}
  爱尔眼科: 持有 (9.68)
  汇川技术: 卖出 (67.38)
  保利发展: 买入 (5.84)
  美团-W: 卖出 (84.05)
  阿里巴巴-W: 买入 (120.30)
  腾讯控股: 强烈买入 (480.80)
  贵州茅台: 强烈买入 (1420.00)
[2026-03-30 15:35:03] [INFO] ======================================================================
[2026-03-30 15:35:03] [INFO] 实盘交易监控 - 2026-03-30 15:35:03
[2026-03-30 15:35:03] [INFO] ======================================================================
[2026-03-30 15:35:03] [INFO] 【信号检测】检查买入机会...
[2026-03-30 15:35:03] [INFO]   检查 爱尔眼科(300015.SZ)...
[2026-03-30 15:35:04] [INFO]     - 无买入信号
[2026-03-30 15:35:04] [INFO]   检查 汇川技术(300124.SZ)...
[2026-03-30 15:35:08] [INFO]     - 无买入信号
[2026-03-30 15:35:08] [INFO]   检查 保利发展(600048.SH)...
[2026-03-30 15:35:13] [INFO]     - 无买入信号
[2026-03-30 15:35:13] [INFO]   检查 贵州茅台(600519.SH)...
[2026-03-30 15:35:17] [INFO]     - 无买入信号
[2026-03-30 15:35:17] [INFO]   检查 美团 -W(3690.HK)...
[2026-03-30 15:35:21] [INFO]     - 无买入信号
[2026-03-30 15:35:21] [INFO]   检查 腾讯控股(0700.HK)...
[2026-03-30 15:35:26] [INFO]     发现买入信号: RSI偏低(32.8), MACD金叉, MA5>MA10 (评分:4.5)
[2026-03-30 15:35:26] [INFO]   检查 阿里巴巴 -W(9988.HK)...
[2026-03-30 15:35:30] [INFO]     - 无买入信号
[2026-03-30 15:35:30] [INFO] 【账户状态】
[2026-03-30 15:35:30] [INFO]   总市值: 100000.00 元
[2026-03-30 15:35:30] [INFO]   现金: 100000.00 元
[2026-03-30 15:35:30] [INFO]   持仓市值: 0.00 元
[2026-03-30 15:35:30] [INFO]   总盈亏: 0.00 元
[2026-03-30 15:35:30] [INFO] 【信号汇总】当前无交易信号，继续监控
[2026-03-30 15:45:44] [INFO] ======================================================================
[2026-03-30 15:45:44] [INFO] 实盘交易监控 - 2026-03-30 15:45:44
[2026-03-30 15:45:44] [INFO] ======================================================================
[2026-03-30 15:45:44] [INFO] 【信号检测】检查买入机会...
[2026-03-30 15:45:44] [INFO]   检查 爱尔眼科(300015.SZ)...
[2026-03-30 15:45:44] [INFO]     - 无买入信号
[2026-03-30 15:45:44] [INFO]   检查 汇川技术(300124.SZ)...
[2026-03-30 15:45:48] [INFO]     - 无买入信号
[2026-03-30 15:45:48] [INFO]   检查 保利发展(600048.SH)...
[2026-03-30 15:45:53] [INFO]     - 无买入信号
[2026-03-30 15:45:53] [INFO]   检查 贵州茅台(600519.SH)...
[2026-03-30 15:45:57] [INFO]     - 无买入信号
[2026-03-30 15:45:57] [INFO]   检查 美团 -W(3690.HK)...
[2026-03-30 15:46:01] [INFO]     - 无买入信号
[2026-03-30 15:46:01] [INFO]   检查 腾讯控股(0700.HK)...
[2026-03-30 15:46:05] [INFO]     发现买入信号: RSI偏低(33.7), MACD金叉, MA5>MA10 (评分:4.5)
[2026-03-30 15:46:05] [INFO]   检查 阿里巴巴 -W(9988.HK)...
[2026-03-30 15:46:10] [INFO]     - 无买入信号
[2026-03-30 15:46:10] [INFO] 【账户状态】
[2026-03-30 15:46:10] [INFO]   总市值: 100000.00 元
[2026-03-30 15:46:10] [INFO]   现金: 100000.00 元
[2026-03-30 15:46:10] [INFO]   持仓市值: 0.00 元
[2026-03-30 15:46:10] [INFO]   总盈亏: 0.00 元
[2026-03-30 15:46:10] [INFO] 【信号汇总】当前无交易信号，继续监控
