
============================================================
Timestamp: 2026-04-01T10:33:59.580318
Signals: {'total': 7, 'buy': 5, 'sell': 2, 'hold': 0}
  爱尔眼科: 买入 (9.60)
  汇川技术: 卖出 (67.38)
  保利发展: 买入 (5.84)
  美团-W: 卖出 (84.10)
  阿里巴巴-W: 买入 (120.50)
  腾讯控股: 强烈买入 (481.20)
  贵州茅台: 买入 (1420.00)

============================================================
Timestamp: 2026-04-01T11:04:04.054174
Signals: {'total': 7, 'buy': 5, 'sell': 2, 'hold': 0}
  爱尔眼科: 买入 (9.60)
  汇川技术: 卖出 (67.38)
  保利发展: 买入 (5.84)
  美团-W: 卖出 (84.10)
  阿里巴巴-W: 买入 (120.50)
  腾讯控股: 强烈买入 (481.20)
  贵州茅台: 买入 (1420.00)

============================================================
Timestamp: 2026-04-01T11:34:00.927283
Signals: {'total': 7, 'buy': 5, 'sell': 2, 'hold': 0}
  爱尔眼科: 买入 (9.60)
  汇川技术: 卖出 (67.38)
  保利发展: 买入 (5.84)
  美团-W: 卖出 (84.10)
  阿里巴巴-W: 买入 (120.50)
  腾讯控股: 强烈买入 (481.20)
  贵州茅台: 买入 (1420.00)
