2026-04-02 15:00:01 - 开始监控
✓ 模型加载成功, 准确率: 54.89%

======================================================================
实时监控 - 2026-04-02 15:00:05
======================================================================

【账户状态】
  现金: ¥13,013
  持仓: 8只

【交易信号】发现 2 个信号
  🔴 保利发展: 卖出 20000股 @ ¥5.77
     原因: 触发止损(亏损17.6%)
  🔴 美团-W: 卖出 1300股 @ ¥84.10
     原因: 触发止损(亏损22.1%)
  发送邮件... (尝试 1/3)
✓ 邮件已发送：【交易信号】04-02 15:00 - 2个信号
✓ 邮件已发送
✓ 结果已保存: /Users/foleydang/github/stock-quant/stock-quant/python/logs/monitor_20260402_150007.json
2026-04-02 15:00:07 - 监控完成
2026-04-02 15:30:01 - 开始监控
获取港股 30m 数据失败 3690.HK (尝试 1/5): ('Connection aborted.', RemoteDisconnected('Remote end closed connection without response'))
等待 4.0 秒后重试...
获取港股 30m 数据失败 3690.HK (尝试 2/5): ('Connection aborted.', RemoteDisconnected('Remote end closed connection without response'))
等待 5.1 秒后重试...
获取港股 30m 数据失败 3690.HK (尝试 3/5): ('Connection aborted.', RemoteDisconnected('Remote end closed connection without response'))
等待 12.8 秒后重试...
获取港股 30m 数据失败 3690.HK (尝试 4/5): ('Connection aborted.', RemoteDisconnected('Remote end closed connection without response'))
等待 25.5 秒后重试...
获取港股 30m 数据失败 3690.HK (尝试 5/5): ('Connection aborted.', RemoteDisconnected('Remote end closed connection without response'))
获取港股 30m 数据失败 9988.HK (尝试 1/5): ('Connection aborted.', RemoteDisconnected('Remote end closed connection without response'))
等待 2.6 秒后重试...
获取港股 30m 数据失败 9988.HK (尝试 2/5): ('Connection aborted.', RemoteDisconnected('Remote end closed connection without response'))
等待 5.2 秒后重试...
获取港股 30m 数据失败 9988.HK (尝试 3/5): ('Connection aborted.', RemoteDisconnected('Remote end closed connection without response'))
等待 11.5 秒后重试...
获取港股 30m 数据失败 9988.HK (尝试 4/5): ('Connection aborted.', RemoteDisconnected('Remote end closed connection without response'))
等待 26.7 秒后重试...
获取港股 30m 数据失败 9988.HK (尝试 5/5): ('Connection aborted.', RemoteDisconnected('Remote end closed connection without response'))
✓ 模型加载成功

======================================================================
交易监控 - 2026-04-02 15:30:05
======================================================================

======================================================================
更新股票价格 - 2026-04-02 15:30:05
======================================================================
  汇川技术(300124.SZ)... ✓ ¥66.87
  保利发展(600048.SH)... ✓ ¥5.70
  美团-W(3690.HK)... ✓ ¥79.95
  爱尔眼科(300015.SZ)... ✓ ¥9.64
  阿里巴巴-W(9988.HK)... ✓ ¥118.40

【账户汇总】
  投入本金: ¥354,400
  持仓市值: ¥290,711
  浮动盈亏: ¥-63,689 (-18.0%)
  可用现金: ¥150,000
  总资产: ¥440,711

【持仓分析】
  ✅ 汇川技术: 800股 @ ¥65.00 → ¥66.87
     盈亏: ¥1,496 (2.9%) | 模型预测: 30%
     ⚪ 持有: 持有观望，等待机会
  ❌ 保利发展: 20000股 @ ¥7.00 → ¥5.70
     盈亏: ¥-26,000 (-18.6%) | 模型预测: 57%
     ⚪ 持有: 持有观望，等待机会
  ❌ 美团-W: 1300股 @ ¥108.00 → ¥79.95
     盈亏: ¥-36,465 (-26.0%) | 模型预测: 38%
     ⚠️ 观望: 浮亏-26%，但模型看跌，暂不补仓
  ❌ 爱尔眼科: 2000股 @ ¥11.00 → ¥9.64
     盈亏: ¥-2,720 (-12.4%) | 模型预测: 44%
     ⚪ 持有: 持有观望，等待机会

【关注股票】
  👀 阿里巴巴-W: ¥118.40
  发送邮件... (尝试 1/3)
✓ 邮件已发送：【持仓日报】04-02 - 浮亏¥-63,689
✓ 邮件已发送
✓ 结果已保存
2026-04-02 15:32:15 - 监控完成
2026-04-03 10:30:01 - 开始监控
获取港股 30m 数据失败 9988.HK (尝试 1/2): ('Connection aborted.', RemoteDisconnected('Remote end closed connection without response'))
获取港股 30m 数据失败 9988.HK (尝试 2/2): ('Connection aborted.', RemoteDisconnected('Remote end closed connection without response'))
获取港股 30m 数据失败 0700.HK (尝试 1/2): ('Connection aborted.', RemoteDisconnected('Remote end closed connection without response'))
获取港股 30m 数据失败 0700.HK (尝试 2/2): ('Connection aborted.', RemoteDisconnected('Remote end closed connection without response'))
✓ 模型加载成功

======================================================================
交易监控 - 2026-04-03 10:30:04
======================================================================

======================================================================
更新股票价格 - 2026-04-03 10:30:04
======================================================================
  汇川技术(300124.SZ)... ✓ ¥66.27 (+2)
  保利发展(600048.SH)... ✓ ¥5.61 (+3)
  美团-W(3690.HK)... ✓ ¥80.25
  爱尔眼科(300015.SZ)... ✓ ¥9.57 (+3)
  港股通互联网ETF(159792.SZ)... ✓ ¥0.68 (+3)
  阿里巴巴-W(9988.HK)... ✓ ¥118.40
  腾讯控股(0700.HK)... ✓ ¥487.80

【账户汇总】
  投入本金: ¥931,900
  持仓市值: ¥734,181
  浮动盈亏: ¥-197,719 (-21.2%)
  可用现金: ¥150,000
  总资产: ¥884,181

【持仓分析】
  ✅ 汇川技术: 800股 @ ¥65.00 → ¥66.27
     盈亏: ¥1,016 (2.0%) | 模型预测: 52%
     ⚪ 持有: 持有观望，等待机会
  ❌ 保利发展: 20000股 @ ¥7.00 → ¥5.61
     盈亏: ¥-27,800 (-19.9%) | 模型预测: 49%
     ⚪ 持有: 持有观望，等待机会
  ❌ 美团-W: 1300股 @ ¥108.00 → ¥80.25
     盈亏: ¥-36,075 (-25.7%) | 模型预测: 40%
     ⚠️ 观望: 浮亏-26%，但模型看跌，暂不补仓
  ❌ 爱尔眼科: 2000股 @ ¥11.00 → ¥9.57
     盈亏: ¥-2,860 (-13.0%) | 模型预测: 45%
     ⚪ 持有: 持有观望，等待机会
  ❌ 港股通互联网ETF: 660000股 @ ¥0.88 → ¥0.68
     盈亏: ¥-132,000 (-22.9%) | 模型预测: 50%
     ⚪ 持有: 持有观望，等待机会

【关注股票】
  👀 阿里巴巴-W: ¥118.40
  👀 腾讯控股: ¥487.80
  发送邮件... (尝试 1/3)
✓ 邮件已发送：【持仓日报】04-03 - 浮亏¥-197,719
✓ 邮件已发送
✓ 结果已保存
2026-04-03 10:31:29 - 监控完成
2026-04-03 11:00:00 - 开始监控
获取港股 30m 数据失败 3690.HK (尝试 1/2): ('Connection aborted.', RemoteDisconnected('Remote end closed connection without response'))
获取港股 30m 数据失败 3690.HK (尝试 2/2): ('Connection aborted.', RemoteDisconnected('Remote end closed connection without response'))
获取港股 30m 数据失败 9988.HK (尝试 1/2): ('Connection aborted.', RemoteDisconnected('Remote end closed connection without response'))
获取港股 30m 数据失败 9988.HK (尝试 2/2): ('Connection aborted.', RemoteDisconnected('Remote end closed connection without response'))
获取港股 30m 数据失败 0700.HK (尝试 1/2): ('Connection aborted.', RemoteDisconnected('Remote end closed connection without response'))
获取港股 30m 数据失败 0700.HK (尝试 2/2): ('Connection aborted.', RemoteDisconnected('Remote end closed connection without response'))
✓ 模型加载成功

======================================================================
交易监控 - 2026-04-03 11:00:05
======================================================================

======================================================================
更新股票价格 - 2026-04-03 11:00:05
======================================================================
  汇川技术(300124.SZ)... ✓ ¥66.55 (+1)
  保利发展(600048.SH)... ✓ ¥5.59
  美团-W(3690.HK)... ✓ ¥80.25
  爱尔眼科(300015.SZ)... ✓ ¥9.55 (+1)
  港股通互联网ETF(159792.SZ)... ✓ ¥0.67 (+1)
  阿里巴巴-W(9988.HK)... ✓ ¥118.40
  腾讯控股(0700.HK)... ✓ ¥487.80

【账户汇总】
  投入本金: ¥931,900
  持仓市值: ¥733,305
  浮动盈亏: ¥-198,595 (-21.3%)
  可用现金: ¥150,000
  总资产: ¥883,305

【持仓分析】
  ✅ 汇川技术: 800股 @ ¥65.00 → ¥66.55
     盈亏: ¥1,240 (2.4%) | 模型预测: 55%
     ⚪ 持有: 持有观望，等待机会
  ❌ 保利发展: 20000股 @ ¥7.00 → ¥5.59
     盈亏: ¥-28,200 (-20.1%) | 模型预测: 49%
     ⚪ 持有: 持有观望，等待机会
  ❌ 美团-W: 1300股 @ ¥108.00 → ¥80.25
     盈亏: ¥-36,075 (-25.7%) | 模型预测: 40%
     ⚠️ 观望: 浮亏-26%，但模型看跌，暂不补仓
  ❌ 爱尔眼科: 2000股 @ ¥11.00 → ¥9.55
     盈亏: ¥-2,900 (-13.2%) | 模型预测: 50%
     ⚪ 持有: 持有观望，等待机会
  ❌ 港股通互联网ETF: 660000股 @ ¥0.88 → ¥0.67
     盈亏: ¥-132,660 (-23.0%) | 模型预测: 49%
     ⚪ 持有: 持有观望，等待机会

【关注股票】
  👀 阿里巴巴-W: ¥118.40
  👀 腾讯控股: ¥487.80
  发送邮件... (尝试 1/3)
✓ 邮件已发送：【持仓日报】04-03 - 浮亏¥-198,595
✓ 邮件已发送
✓ 结果已保存
2026-04-03 11:01:46 - 监控完成
2026-04-03 11:30:01 - 开始监控
获取港股 30m 数据失败 3690.HK (尝试 1/2): ('Connection aborted.', RemoteDisconnected('Remote end closed connection without response'))
获取港股 30m 数据失败 3690.HK (尝试 2/2): ('Connection aborted.', RemoteDisconnected('Remote end closed connection without response'))
获取港股 30m 数据失败 9988.HK (尝试 1/2): ('Connection aborted.', RemoteDisconnected('Remote end closed connection without response'))
获取港股 30m 数据失败 9988.HK (尝试 2/2): ('Connection aborted.', RemoteDisconnected('Remote end closed connection without response'))
获取港股 30m 数据失败 0700.HK (尝试 1/2): ('Connection aborted.', RemoteDisconnected('Remote end closed connection without response'))
获取港股 30m 数据失败 0700.HK (尝试 2/2): ('Connection aborted.', RemoteDisconnected('Remote end closed connection without response'))
✓ 模型加载成功

======================================================================
交易监控 - 2026-04-03 11:30:05
======================================================================

======================================================================
更新股票价格 - 2026-04-03 11:30:05
======================================================================
  汇川技术(300124.SZ)... ✓ ¥66.20 (+1)
  保利发展(600048.SH)... ✓ ¥5.56 (+1)
  美团-W(3690.HK)... ✓ ¥80.25
  爱尔眼科(300015.SZ)... ✓ ¥9.54
  港股通互联网ETF(159792.SZ)... ✓ ¥0.67
  阿里巴巴-W(9988.HK)... ✓ ¥118.40
  腾讯控股(0700.HK)... ✓ ¥487.80

【账户汇总】
  投入本金: ¥931,900
  持仓市值: ¥732,405
  浮动盈亏: ¥-199,495 (-21.4%)
  可用现金: ¥150,000
  总资产: ¥882,405

【持仓分析】
  ✅ 汇川技术: 800股 @ ¥65.00 → ¥66.20
     盈亏: ¥960 (1.8%) | 模型预测: 51%
     ⚪ 持有: 持有观望，等待机会
  ❌ 保利发展: 20000股 @ ¥7.00 → ¥5.56
     盈亏: ¥-28,800 (-20.6%) | 模型预测: 49%
     ⚪ 持有: 持有观望，等待机会
  ❌ 美团-W: 1300股 @ ¥108.00 → ¥80.25
     盈亏: ¥-36,075 (-25.7%) | 模型预测: 40%
     ⚠️ 观望: 浮亏-26%，但模型看跌，暂不补仓
  ❌ 爱尔眼科: 2000股 @ ¥11.00 → ¥9.54
     盈亏: ¥-2,920 (-13.3%) | 模型预测: 50%
     ⚪ 持有: 持有观望，等待机会
  ❌ 港股通互联网ETF: 660000股 @ ¥0.88 → ¥0.67
     盈亏: ¥-132,660 (-23.0%) | 模型预测: 49%
     ⚪ 持有: 持有观望，等待机会

【关注股票】
  👀 阿里巴巴-W: ¥118.40
  👀 腾讯控股: ¥487.80
  发送邮件... (尝试 1/3)
✓ 邮件已发送：【持仓日报】04-03 - 浮亏¥-199,495
✓ 邮件已发送
✓ 结果已保存
2026-04-03 11:31:46 - 监控完成
2026-04-03 12:00:00 - 开始监控
