2026-04-03 14:30:01 - 开始监控
获取港股 30m 数据失败 3690.HK (尝试 1/2): ('Connection aborted.', RemoteDisconnected('Remote end closed connection without response'))
获取港股 30m 数据失败 3690.HK (尝试 2/2): ('Connection aborted.', RemoteDisconnected('Remote end closed connection without response'))
获取港股 30m 数据失败 9988.HK (尝试 1/2): ('Connection aborted.', RemoteDisconnected('Remote end closed connection without response'))
获取港股 30m 数据失败 9988.HK (尝试 2/2): ('Connection aborted.', RemoteDisconnected('Remote end closed connection without response'))
获取港股 30m 数据失败 0700.HK (尝试 1/2): ('Connection aborted.', RemoteDisconnected('Remote end closed connection without response'))
获取港股 30m 数据失败 0700.HK (尝试 2/2): ('Connection aborted.', RemoteDisconnected('Remote end closed connection without response'))
✓ 模型加载成功

======================================================================
交易监控 - 2026-04-03 14:30:04
======================================================================

======================================================================
更新股票价格 - 2026-04-03 14:30:04
======================================================================
  汇川技术(300124.SZ)... ✓ ¥66.05 (+1)
  保利发展(600048.SH)... ✓ ¥5.54 (+2)
  美团-W(3690.HK)... ✓ ¥80.25
  爱尔眼科(300015.SZ)... ✓ ¥9.51 (+2)
  港股通互联网ETF(159792.SZ)... ✓ ¥0.67 (+2)
  阿里巴巴-W(9988.HK)... ✓ ¥118.40
  腾讯控股(0700.HK)... ✓ ¥487.80

【账户汇总】
  投入本金: ¥1,044,962
  持仓市值: ¥832,410
  浮动盈亏: ¥-212,552 (-20.3%)
  可用现金: ¥150,000
  总资产: ¥982,410

【持仓分析】
  ✅ 汇川技术: 1500股 @ ¥65.88 → ¥66.05
     盈亏: ¥251 (0.3%) | 模型预测: 19%
     ⚪ 持有: 持有观望，等待机会
  ❌ 保利发展: 18600股 @ ¥7.00 → ¥5.54
     盈亏: ¥-27,230 (-20.9%) | 模型预测: 32%
     ⚪ 持有: 持有观望，等待机会
  ❌ 美团-W: 1300股 @ ¥108.00 → ¥80.25
     盈亏: ¥-36,075 (-25.7%) | 模型预测: 8%
     ⚠️ 观望: 浮亏-26%，但模型看跌，暂不补仓
  ❌ 爱尔眼科: 8600股 @ ¥11.39 → ¥9.51
     盈亏: ¥-16,177 (-16.5%) | 模型预测: 34%
     ⚪ 持有: 持有观望，等待机会
  ❌ 港股通互联网ETF: 660000股 @ ¥0.88 → ¥0.67
     盈亏: ¥-133,320 (-23.1%) | 模型预测: 16%
     ⚪ 持有: 持有观望，等待机会

【做T操作建议】
  ❌ 汇川技术: 现价¥66.05 | 支撑- | 阻力-
     当前盈利0.3%，不建议做T
  🟢 保利发展: 现价¥5.54 | 支撑¥5.51 | 阻力¥5.76
     下跌接近支撑位¥5.51，可在此处买入，反弹1.5%后卖出
     💰 建议买入: ¥5.54 × 6100股
     💵 建议卖出: ¥5.62 × 6100股
  ⚠️ 美团-W: 现价¥80.25 | 支撑¥78.70 | 阻力¥81.91
     当前位置不适合做T，等待更好机会（支撑¥78.70，阻力¥81.91）
  ❌ 爱尔眼科: 现价¥9.51 | 支撑- | 阻力-
     日内波动仅1.8%，波动太小不适合做T
  ❌ 港股通互联网ETF: 现价¥0.67 | 支撑- | 阻力-
     日内波动仅1.0%，波动太小不适合做T

【关注股票】
  👀 阿里巴巴-W: ¥118.40
  👀 腾讯控股: ¥487.80
  发送邮件... (尝试 1/3)
✓ 邮件已发送：【持仓日报】04-03 - 浮亏¥-212,552
✓ 邮件已发送
✓ 结果已保存
2026-04-03 14:31:45 - 监控完成
2026-04-03 15:00:00 - 开始监控
获取港股 30m 数据失败 3690.HK (尝试 1/2): ('Connection aborted.', RemoteDisconnected('Remote end closed connection without response'))
获取港股 30m 数据失败 3690.HK (尝试 2/2): ('Connection aborted.', RemoteDisconnected('Remote end closed connection without response'))
获取港股 30m 数据失败 9988.HK (尝试 1/2): ('Connection aborted.', RemoteDisconnected('Remote end closed connection without response'))
获取港股 30m 数据失败 9988.HK (尝试 2/2): ('Connection aborted.', RemoteDisconnected('Remote end closed connection without response'))
获取港股 30m 数据失败 0700.HK (尝试 1/2): ('Connection aborted.', RemoteDisconnected('Remote end closed connection without response'))
获取港股 30m 数据失败 0700.HK (尝试 2/2): ('Connection aborted.', RemoteDisconnected('Remote end closed connection without response'))
✓ 模型加载成功

======================================================================
交易监控 - 2026-04-03 15:00:04
======================================================================

======================================================================
更新股票价格 - 2026-04-03 15:00:04
======================================================================
  汇川技术(300124.SZ)... ✓ ¥66.06 (+1)
  保利发展(600048.SH)... ✓ ¥5.52
  美团-W(3690.HK)... ✓ ¥80.25
  爱尔眼科(300015.SZ)... ✓ ¥9.50
  港股通互联网ETF(159792.SZ)... ✓ ¥0.67
  阿里巴巴-W(9988.HK)... ✓ ¥118.40
  腾讯控股(0700.HK)... ✓ ¥487.80

【账户汇总】
  投入本金: ¥1,044,962
  持仓市值: ¥830,647
  浮动盈亏: ¥-214,314 (-20.5%)
  可用现金: ¥150,000
  总资产: ¥980,647

【持仓分析】
  ✅ 汇川技术: 1500股 @ ¥65.88 → ¥66.06
     盈亏: ¥266 (0.3%) | 模型预测: 19%
     ⚪ 持有: 持有观望，等待机会
  ❌ 保利发展: 18600股 @ ¥7.00 → ¥5.52
     盈亏: ¥-27,602 (-21.2%) | 模型预测: 32%
     ⚪ 持有: 持有观望，等待机会
  ❌ 美团-W: 1300股 @ ¥108.00 → ¥80.25
     盈亏: ¥-36,075 (-25.7%) | 模型预测: 8%
     ⚠️ 观望: 浮亏-26%，但模型看跌，暂不补仓
  ❌ 爱尔眼科: 8600股 @ ¥11.39 → ¥9.50
     盈亏: ¥-16,263 (-16.6%) | 模型预测: 34%
     ⚪ 持有: 持有观望，等待机会
  ❌ 港股通互联网ETF: 660000股 @ ¥0.88 → ¥0.67
     盈亏: ¥-134,640 (-23.3%) | 模型预测: 16%
     ⚪ 持有: 持有观望，等待机会

【做T操作建议】
  ❌ 汇川技术: 现价¥66.06 | 支撑- | 阻力-
     当前盈利0.3%，不建议做T
  🟢 保利发展: 现价¥5.52 | 支撑¥5.51 | 阻力¥5.76
     下跌接近支撑位¥5.51，可在此处买入，反弹1.5%后卖出
     💰 建议买入: ¥5.54 × 6100股
     💵 建议卖出: ¥5.60 × 6100股
  ⚠️ 美团-W: 现价¥80.25 | 支撑¥78.70 | 阻力¥81.91
     当前位置不适合做T，等待更好机会（支撑¥78.70，阻力¥81.91）
  ❌ 爱尔眼科: 现价¥9.50 | 支撑- | 阻力-
     日内波动仅1.8%，波动太小不适合做T
  ❌ 港股通互联网ETF: 现价¥0.67 | 支撑- | 阻力-
     日内波动仅1.0%，波动太小不适合做T

【关注股票】
  👀 阿里巴巴-W: ¥118.40
  👀 腾讯控股: ¥487.80
  发送邮件... (尝试 1/3)
✓ 邮件已发送：【持仓日报】04-03 - 浮亏¥-214,314
✓ 邮件已发送
✓ 结果已保存
2026-04-03 15:01:47 - 监控完成
2026-04-03 15:30:00 - 开始监控
获取港股 30m 数据失败 3690.HK (尝试 1/2): ('Connection aborted.', RemoteDisconnected('Remote end closed connection without response'))
获取港股 30m 数据失败 3690.HK (尝试 2/2): ('Connection aborted.', RemoteDisconnected('Remote end closed connection without response'))
获取港股 30m 数据失败 9988.HK (尝试 1/2): ('Connection aborted.', RemoteDisconnected('Remote end closed connection without response'))
获取港股 30m 数据失败 9988.HK (尝试 2/2): ('Connection aborted.', RemoteDisconnected('Remote end closed connection without response'))
获取港股 30m 数据失败 0700.HK (尝试 1/2): ('Connection aborted.', RemoteDisconnected('Remote end closed connection without response'))
获取港股 30m 数据失败 0700.HK (尝试 2/2): ('Connection aborted.', RemoteDisconnected('Remote end closed connection without response'))
✓ 模型加载成功

======================================================================
交易监控 - 2026-04-03 15:30:04
======================================================================

======================================================================
更新股票价格 - 2026-04-03 15:30:04
======================================================================
  汇川技术(300124.SZ)... ✓ ¥66.06
  保利发展(600048.SH)... ✓ ¥5.51
  美团-W(3690.HK)... ✓ ¥80.25
  爱尔眼科(300015.SZ)... ✓ ¥9.50
  港股通互联网ETF(159792.SZ)... ✓ ¥0.67
  阿里巴巴-W(9988.HK)... ✓ ¥118.40
  腾讯控股(0700.HK)... ✓ ¥487.80

【账户汇总】
  投入本金: ¥1,044,962
  持仓市值: ¥830,461
  浮动盈亏: ¥-214,500 (-20.5%)
  可用现金: ¥150,000
  总资产: ¥980,461

【持仓分析】
  ✅ 汇川技术: 1500股 @ ¥65.88 → ¥66.06
     盈亏: ¥266 (0.3%) | 模型预测: 19%
     ⚪ 持有: 持有观望，等待机会
  ❌ 保利发展: 18600股 @ ¥7.00 → ¥5.51
     盈亏: ¥-27,788 (-21.3%) | 模型预测: 32%
     ⚪ 持有: 持有观望，等待机会
  ❌ 美团-W: 1300股 @ ¥108.00 → ¥80.25
     盈亏: ¥-36,075 (-25.7%) | 模型预测: 8%
     ⚠️ 观望: 浮亏-26%，但模型看跌，暂不补仓
  ❌ 爱尔眼科: 8600股 @ ¥11.39 → ¥9.50
     盈亏: ¥-16,263 (-16.6%) | 模型预测: 34%
     ⚪ 持有: 持有观望，等待机会
  ❌ 港股通互联网ETF: 660000股 @ ¥0.88 → ¥0.67
     盈亏: ¥-134,640 (-23.3%) | 模型预测: 16%
     ⚪ 持有: 持有观望，等待机会

【做T操作建议】
  ❌ 汇川技术: 现价¥66.06 | 支撑- | 阻力-
     当前盈利0.3%，不建议做T
  🟢 保利发展: 现价¥5.51 | 支撑¥5.51 | 阻力¥5.76
     下跌接近支撑位¥5.51，可在此处买入，反弹1.5%后卖出
     💰 建议买入: ¥5.54 × 6100股
     💵 建议卖出: ¥5.59 × 6100股
  ⚠️ 美团-W: 现价¥80.25 | 支撑¥78.70 | 阻力¥81.91
     当前位置不适合做T，等待更好机会（支撑¥78.70，阻力¥81.91）
  ❌ 爱尔眼科: 现价¥9.50 | 支撑- | 阻力-
     日内波动仅1.8%，波动太小不适合做T
  ❌ 港股通互联网ETF: 现价¥0.67 | 支撑- | 阻力-
     日内波动仅1.0%，波动太小不适合做T

【关注股票】
  👀 阿里巴巴-W: ¥118.40
  👀 腾讯控股: ¥487.80
  发送邮件... (尝试 1/3)
✓ 邮件已发送：【持仓日报】04-03 - 浮亏¥-214,500
✓ 邮件已发送
✓ 结果已保存
2026-04-03 15:31:46 - 监控完成
